
> frontend@0.0.0 build
> ng build

[33m>[39m Building...
[32mÔêÜ[39m Building...
[1mInitial chunk files[22m  [2m | [22m[1mNames[22m                    [2m | [22m [1mRaw size[22m[2m | [22m[1mEstimated transfer size[22m
[32mchunk-ZW7QRKVW.js[39m    [2m | [22m[2m-[22m                        [2m | [22m[36m216.79 kB[39m[2m | [22m               [36m61.96 kB[39m
[32mchunk-T2UKFLHJ.js[39m    [2m | [22m[2m-[22m                        [2m | [22m[36m132.59 kB[39m[2m | [22m               [36m23.87 kB[39m
[32mstyles-UKTAANG2.css[39m  [2m | [22m[2mstyles[22m                   [2m | [22m[36m113.78 kB[39m[2m | [22m                [36m9.97 kB[39m
[32mmain-2VERF5UE.js[39m     [2m | [22m[2mmain[22m                     [2m | [22m[36m101.20 kB[39m[2m | [22m               [36m27.43 kB[39m
[32mchunk-JD2PZVUX.js[39m    [2m | [22m[2m-[22m                        [2m | [22m [36m84.04 kB[39m[2m | [22m               [36m20.79 kB[39m
[32mchunk-U7BRRC42.js[39m    [2m | [22m[2m-[22m                        [2m | [22m [36m83.94 kB[39m[2m | [22m               [36m19.59 kB[39m
[32mchunk-PPY7PLV3.js[39m    [2m | [22m[2m-[22m                        [2m | [22m [36m64.68 kB[39m[2m | [22m               [36m18.09 kB[39m
[32mchunk-J7I7FXZK.js[39m    [2m | [22m[2m-[22m                        [2m | [22m [36m48.62 kB[39m[2m | [22m                [36m7.70 kB[39m
[32mchunk-G567ZTD6.js[39m    [2m | [22m[2m-[22m                        [2m | [22m [36m47.38 kB[39m[2m | [22m                [36m9.37 kB[39m
[32mpolyfills-RV3JTMEC.js[39m[2m | [22m[2mpolyfills[22m                [2m | [22m [36m35.78 kB[39m[2m | [22m               [36m11.63 kB[39m
[32mchunk-ULSXE5FV.js[39m    [2m | [22m[2m-[22m                        [2m | [22m [36m19.16 kB[39m[2m | [22m                [36m5.80 kB[39m
[32mchunk-VJKR5ACM.js[39m    [2m | [22m[2m-[22m                        [2m | [22m [36m18.66 kB[39m[2m | [22m                [36m5.33 kB[39m
[32mchunk-BR53ZNEL.js[39m    [2m | [22m[2m-[22m                        [2m | [22m [36m15.13 kB[39m[2m | [22m                [36m4.09 kB[39m
[32mchunk-574OZVAF.js[39m    [2m | [22m[2m-[22m                        [2m | [22m [36m15.07 kB[39m[2m | [22m                [36m4.75 kB[39m
[32mchunk-MFWVR54T.js[39m    [2m | [22m[2m-[22m                        [2m | [22m [36m12.93 kB[39m[2m | [22m                [36m4.05 kB[39m
[32mchunk-YTQGTEYZ.js[39m    [2m | [22m[2m-[22m                        [2m | [22m  [36m7.51 kB[39m[2m | [22m                [36m1.93 kB[39m
[32mchunk-4UBT5K4B.js[39m    [2m | [22m[2m-[22m                        [2m | [22m  [36m5.45 kB[39m[2m | [22m                [36m1.50 kB[39m
[32mchunk-JTYWSQJT.js[39m    [2m | [22m[2m-[22m                        [2m | [22m  [36m5.28 kB[39m[2m | [22m                [36m1.74 kB[39m
[32mchunk-MLMGL4QO.js[39m    [2m | [22m[2m-[22m                        [2m | [22m  [36m3.91 kB[39m[2m | [22m                [36m1.03 kB[39m
[32mchunk-WMWSJXST.js[39m    [2m | [22m[2m-[22m                        [2m | [22m  [36m2.56 kB[39m[2m | [22m              [36m866 bytes[39m
[32mchunk-CGGFTF65.js[39m    [2m | [22m[2m-[22m                        [2m | [22m  [36m2.36 kB[39m[2m | [22m              [36m859 bytes[39m
[32mchunk-GZAMLT64.js[39m    [2m | [22m[2m-[22m                        [2m | [22m  [36m2.20 kB[39m[2m | [22m              [36m555 bytes[39m
[32mchunk-XJXEJ3P6.js[39m    [2m | [22m[2m-[22m                        [2m | [22m  [36m2.03 kB[39m[2m | [22m              [36m662 bytes[39m
[32mchunk-NB5YYST7.js[39m    [2m | [22m[2m-[22m                        [2m | [22m  [36m1.96 kB[39m[2m | [22m              [36m781 bytes[39m
[32mchunk-SHMZYEW5.js[39m    [2m | [22m[2m-[22m                        [2m | [22m  [36m1.68 kB[39m[2m | [22m              [36m605 bytes[39m
[32mchunk-B5XLW3XX.js[39m    [2m | [22m[2m-[22m                        [2m | [22m  [36m1.41 kB[39m[2m | [22m              [36m421 bytes[39m
[32mchunk-6MDQTQU3.js[39m    [2m | [22m[2m-[22m                        [2m | [22m[36m899 bytes[39m[2m | [22m              [36m899 bytes[39m
[32mchunk-WQ4IOYAJ.js[39m    [2m | [22m[2m-[22m                        [2m | [22m[36m883 bytes[39m[2m | [22m              [36m883 bytes[39m
[32mchunk-7F7IRNZD.js[39m    [2m | [22m[2m-[22m                        [2m | [22m[36m832 bytes[39m[2m | [22m              [36m832 bytes[39m
[32mchunk-HDWKASYY.js[39m    [2m | [22m[2m-[22m                        [2m | [22m[36m776 bytes[39m[2m | [22m              [36m776 bytes[39m
[32mchunk-RZ23MZKD.js[39m    [2m | [22m[2m-[22m                        [2m | [22m[36m559 bytes[39m[2m | [22m              [36m559 bytes[39m
[32mchunk-I3PI7EWX.js[39m    [2m | [22m[2m-[22m                        [2m | [22m[36m554 bytes[39m[2m | [22m              [36m554 bytes[39m
[32mchunk-ZXLGHQDX.js[39m    [2m | [22m[2m-[22m                        [2m | [22m[36m511 bytes[39m[2m | [22m              [36m511 bytes[39m
[32mchunk-5FCYOL6Q.js[39m    [2m | [22m[2m-[22m                        [2m | [22m[36m382 bytes[39m[2m | [22m              [36m382 bytes[39m
[32mchunk-S26TN2IJ.js[39m    [2m | [22m[2m-[22m                        [2m | [22m[36m310 bytes[39m[2m | [22m              [36m310 bytes[39m
[32mchunk-QINAZ36O.js[39m    [2m | [22m[2m-[22m                        [2m | [22m[36m202 bytes[39m[2m | [22m              [36m202 bytes[39m
[32mchunk-BHG6C2XQ.js[39m    [2m | [22m[2m-[22m                        [2m | [22m[36m122 bytes[39m[2m | [22m              [36m122 bytes[39m

[1m [22m                    [2m | [22m[1mInitial total[22m            [2m | [22m  [1m[93m1.05 MB[39m[22m[2m | [22m              [1m251.40 kB[22m

[1mLazy chunk files[22m     [2m | [22m[1mNames[22m                    [2m | [22m [1mRaw size[22m[2m | [22m[1mEstimated transfer size[22m
[32mchunk-25HE3FFU.js[39m    [2m | [22m[2m-[22m                        [2m | [22m[36m240.19 kB[39m[2m | [22m               [36m52.75 kB[39m
[32mchunk-M4OYNPBB.js[39m    [2m | [22m[2mhtml2canvas[22m              [2m | [22m[36m202.86 kB[39m[2m | [22m               [36m38.48 kB[39m
[32mchunk-KND3JTCA.js[39m    [2m | [22m[2msocial-component[22m         [2m | [22m [36m63.17 kB[39m[2m | [22m               [36m11.82 kB[39m
[32mchunk-LZAVDTCA.js[39m    [2m | [22m[2mshell-component[22m          [2m | [22m [36m62.89 kB[39m[2m | [22m               [36m12.91 kB[39m
[32mchunk-BYFFYS2T.js[39m    [2m | [22m[2mcompeticoes-component[22m    [2m | [22m [36m59.65 kB[39m[2m | [22m               [36m10.64 kB[39m
[32mchunk-V6VWSKBC.js[39m    [2m | [22m[2mperfil-component[22m         [2m | [22m [36m35.71 kB[39m[2m | [22m                [36m7.96 kB[39m
[32mchunk-6TXAZFEJ.js[39m    [2m | [22m[2mdashboard-component[22m      [2m | [22m [36m33.15 kB[39m[2m | [22m                [36m7.93 kB[39m
[32mchunk-NRZVPRVR.js[39m    [2m | [22m[2maulas-list-component[22m     [2m | [22m [36m33.13 kB[39m[2m | [22m                [36m7.24 kB[39m
[32mchunk-45RZWWHY.js[39m    [2m | [22m[2mflashcards-list-component[22m[2m | [22m [36m29.61 kB[39m[2m | [22m                [36m7.51 kB[39m
[32mchunk-K4KKJCTF.js[39m    [2m | [22m[2mbanco-list-component[22m     [2m | [22m [36m28.90 kB[39m[2m | [22m                [36m6.80 kB[39m
[32mchunk-JQAR4PSC.js[39m    [2m | [22m[2m-[22m                        [2m | [22m [36m26.54 kB[39m[2m | [22m                [36m6.36 kB[39m
[32mchunk-66WF3QVZ.js[39m    [2m | [22m[2msimulados-list-component[22m [2m | [22m [36m24.29 kB[39m[2m | [22m                [36m6.18 kB[39m
[32mchunk-ZGHER4KQ.js[39m    [2m | [22m[2mrevisao-list-component[22m   [2m | [22m [36m18.27 kB[39m[2m | [22m                [36m4.39 kB[39m
[32mchunk-SRQKEOMX.js[39m    [2m | [22m[2mregister[22m                 [2m | [22m [36m11.14 kB[39m[2m | [22m                [36m3.14 kB[39m
[32mchunk-YARQE2PQ.js[39m    [2m | [22m[2m-[22m                        [2m | [22m [36m10.70 kB[39m[2m | [22m                [36m2.57 kB[39m
[2m...and 12 more lazy chunks files. Use "--verbose" to show all the files.[22m

Application bundle generation complete. [18.520 seconds] - 2026-06-10T22:13:38.889Z

node.exe : [1m[33m[33mÔû▓ [43;33m[[43;30mWARNING[43;33m][0m [1mbundle initial exceeded maximum budget. Budget 
1.00 MB was not met by 52.14 kB with a total of 1.05 MB.[0m
No C:\Program Files\nodejs\npm.ps1:16 caractere:5
+     & "$basedir/node$exe"  "$basedir/node_modules/npm/bin/npm-cli.js" ...
+     ~~~~~~~~~~~~~~~~~~~~~~~~~~~~~~~~~~~~~~~~~~~~~~~~~~~~~~~~~~~~~~~~~
    + CategoryInfo          : NotSpecified: ([1m[33m[33mÔ...of 1.05 MB.[0m:String) [], RemoteException
    + FullyQualifiedErrorId : NativeCommandError
 

[39m[22m
Output location: C:\Users\PC\Documents\GitHub\MedStudy\frontend\dist\frontend

