
> frontend@0.0.0 build
> ng build

[33m>[39m Building...
[32mÔêÜ[39m Building...
Application bundle generation failed. [0.687 seconds] - 2026-05-11T17:50:12.018Z

node.exe : [1m[33m[33mÔû▓ [43;33m[[43;30mWARNING[43;33m][0m [1mDeprecation[0m [1m[35m[plugin 
angular-sass][0m
No C:\Program Files\nodejs\npm.ps1:16 caractere:5
+     & "$basedir/node$exe"  "$basedir/node_modules/npm/bin/npm-cli.js" ...
+     ~~~~~~~~~~~~~~~~~~~~~~~~~~~~~~~~~~~~~~~~~~~~~~~~~~~~~~~~~~~~~~~~~
    + CategoryInfo          : NotSpecified: ([1m[33m[33mÔ...gular-sass][0m:String) [], RemoteException
    + FullyQualifiedErrorId : NativeCommandError
 

    src/styles.scss:1:8:
[37m      1 Ôöé @import [32m[37m'styles/themes.scss';
        ÔòÁ         [32m^[0m


  Sass @import rules are deprecated and will be removed in Dart Sass 3.0.0.
  
  More info and automated migrator: [4mhttps://sass-lang.com/d/import[0m

  The plugin "angular-sass" was triggered by this import

    angular:styles/global:styles:1:8:
[37m      1 Ôöé @import [32m'src/styles.scss'[37m;
        ÔòÁ         [32m~~~~~~~~~~~~~~~~~[0m


[33mÔû▓ [43;33m[[43;30mWARNING[43;33m][0m [1mDeprecation[0m [1m[35m[plugin angular-sass][0m

    src/styles/themes.scss:152:24:
[37m      152 Ôöé   @each $key, $value in [32m[37mmap-get($themes, verde) {
          ÔòÁ                         [32m^[0m


  Global built-in functions are deprecated and will be removed in Dart Sass 3.0.0.
  Use map.get instead.
  
  More info and automated migrator: [4mhttps://sass-lang.com/d/import[0m

  The plugin "angular-sass" was triggered by this import

    angular:styles/global:styles:1:8:
[37m      1 Ôöé @import [32m'src/styles.scss'[37m;
        ÔòÁ         [32m~~~~~~~~~~~~~~~~~[0m

[39m[22m
[1m[31m[31mX [41;31m[[41;97mERROR[41;31m][0m [1mAngular compilation initialization failed.[0m 
[1m[35m[plugin angular-compiler][0m

  Error: The Angular Compiler requires TypeScript >=5.9.0 and <6.1.0 but 5.5.4 was found instead.
      at checkVersion (file:///C:/Users/PC/Documents/GitHub/MedStudy/frontend/node_modules/@angular/compiler-cli/bundle
s/chunk-BIC7TXT4.js:156:11)
      at verifySupportedTypeScriptVersion (file:///C:/Users/PC/Documents/GitHub/MedStudy/frontend/node_modules/@angular
/compiler-cli/bundles/chunk-BIC7TXT4.js:160:3)
      at new NgtscProgram (file:///C:/Users/PC/Documents/GitHub/MedStudy/frontend/node_modules/@angular/compiler-cli/bu
ndles/chunk-BIC7TXT4.js:178:7)
      at C:\Users\PC\Documents\GitHub\MedStudy\frontend\node_modules\@angular-devkit\build-angular\node_modules\@angula
r\build\src\tools\angular\compilation\aot-compilation.js:96:88
      at profileSync (C:\Users\PC\Documents\GitHub\MedStudy\frontend\node_modules\@angular-devkit\build-angular\node_mo
dules\@angular\build\src\tools\esbuild\profiling.js:68:16)
      at AotCompilation.initialize (C:\Users\PC\Documents\GitHub\MedStudy\frontend\node_modules\@angular-devkit\build-a
ngular\node_modules\@angular\build\src\tools\angular\compilation\aot-compilation.js:96:60)
      at async initialize (C:\Users\PC\Documents\GitHub\MedStudy\frontend\node_modules\@angular-devkit\build-angular\no
de_modules\@angular\build\src\tools\angular\compilation\parallel-worker.js:38:121)
      at async onMessage (C:\Users\PC\Documents\GitHub\MedStudy\frontend\node_modules\piscina\dist\worker.js:180:22)

[39m[22m
