[32m18 05 2026 23:11:31.547:INFO [karma-server]: [39mKarma v6.4.4 server started at http://localhost:9876/
[32m18 05 2026 23:11:31.548:INFO [launcher]: [39mLaunching browsers ChromeHeadless with concurrency unlimited
[32m18 05 2026 23:11:31.558:INFO [launcher]: [39mStarting browser ChromeHeadless
[32m18 05 2026 23:11:33.408:INFO [Chrome Headless 148.0.0.0 (Windows 10)]: [39mConnected on socket EOYvix-OBmAWQwTTAAAB with id 39312180
Chrome Headless 148.0.0.0 (Windows 10): Executed 0 of 216[32m SUCCESS[39m (0 secs / 0 secs)
[1A[2KChrome Headless 148.0.0.0 (Windows 10): Executed 1 of 216[32m SUCCESS[39m (0 secs / 0.021 secs)
[1A[2KChrome Headless 148.0.0.0 (Windows 10): Executed 2 of 216[32m SUCCESS[39m (0 secs / 0.024 secs)
[1A[2KChrome Headless 148.0.0.0 (Windows 10): Executed 3 of 216[32m SUCCESS[39m (0 secs / 0.032 secs)
[1A[2K[31mChrome Headless 148.0.0.0 (Windows 10) authInterceptor should dispatch logout on 401 FAILED[39m
	Expected spy dispatch to have been called.
	    at <Jasmine>
	    at Object.error (src/app/core/interceptors/auth.interceptor.spec.ts:47:29)
	    at ConsumerObserver.error (node_modules/rxjs/dist/esm/internal/Subscriber.js:102:33)
	    at SafeSubscriber._error (node_modules/rxjs/dist/esm/internal/Subscriber.js:64:30)
	    at SafeSubscriber.error (node_modules/rxjs/dist/esm/internal/Subscriber.js:40:18)
Chrome Headless 148.0.0.0 (Windows 10): Executed 4 of 216[31m (1 FAILED)[39m (0 secs / 0.036 secs)
[1A[2KChrome Headless 148.0.0.0 (Windows 10): Executed 5 of 216[31m (1 FAILED)[39m (0 secs / 0.07 secs)
[1A[2KChrome Headless 148.0.0.0 (Windows 10): Executed 6 of 216[31m (1 FAILED)[39m (0 secs / 0.075 secs)
[1A[2KChrome Headless 148.0.0.0 (Windows 10): Executed 7 of 216[31m (1 FAILED)[39m (0 secs / 0.078 secs)
[1A[2KChrome Headless 148.0.0.0 (Windows 10): Executed 8 of 216[31m (1 FAILED)[39m (0 secs / 0.08 secs)
[1A[2KChrome Headless 148.0.0.0 (Windows 10): Executed 9 of 216[31m (1 FAILED)[39m (0 secs / 0.082 secs)
[1A[2KChrome Headless 148.0.0.0 (Windows 10): Executed 10 of 216[31m (1 FAILED)[39m (0 secs / 0.084 secs)
[1A[2KChrome Headless 148.0.0.0 (Windows 10): Executed 11 of 216[31m (1 FAILED)[39m (0 secs / 0.089 secs)
[1A[2KChrome Headless 148.0.0.0 (Windows 10): Executed 12 of 216[31m (1 FAILED)[39m (0 secs / 0.091 secs)
[1A[2KChrome Headless 148.0.0.0 (Windows 10): Executed 13 of 216[31m (1 FAILED)[39m (0 secs / 0.092 secs)
[1A[2KWARN: [36m'Spec 'BancoService should get sessions with individual filters' has no expectations.'[39m
Chrome Headless 148.0.0.0 (Windows 10): Executed 13 of 216[31m (1 FAILED)[39m (0 secs / 0.092 secs)
WARN: 'Spec 'BancoService should get sessions with individual filters' has no expectations.'
[1A[2KChrome Headless 148.0.0.0 (Windows 10): Executed 14 of 216[31m (1 FAILED)[39m (0 secs / 0.095 secs)
[1A[2KChrome Headless 148.0.0.0 (Windows 10): Executed 15 of 216[31m (1 FAILED)[39m (0 secs / 0.097 secs)
[1A[2KChrome Headless 148.0.0.0 (Windows 10): Executed 16 of 216[31m (1 FAILED)[39m (0 secs / 0.099 secs)
[1A[2KChrome Headless 148.0.0.0 (Windows 10): Executed 17 of 216[31m (1 FAILED)[39m (0 secs / 0.102 secs)
[1A[2KWARN: [36m'Spec 'BancoService should get sessions with all filters' has no expectations.'[39m
Chrome Headless 148.0.0.0 (Windows 10): Executed 17 of 216[31m (1 FAILED)[39m (0 secs / 0.102 secs)
WARN: 'Spec 'BancoService should get sessions with all filters' has no expectations.'
[1A[2KChrome Headless 148.0.0.0 (Windows 10): Executed 18 of 216[31m (1 FAILED)[39m (0 secs / 0.104 secs)
[1A[2K[31mChrome Headless 148.0.0.0 (Windows 10) ShellComponent should create FAILED[39m
	╔ÁNotFound: NG0201: No provider found for `SwUpdate`. Source: DynamicTestModule. Path: PwaService -> SwUpdate. Find more at https://v21.angular.dev/errors/NG0201
	error properties: Object({ code: -201, ngErrorCode: -201, ngErrorMessage: 'No provider found for `SwUpdate`.', ngTokenPath: [ 'PwaService', 'SwUpdate' ] })
	╔ÁNotFound: NG0201: No provider found for `SwUpdate`. Source: DynamicTestModule. Path: PwaService -> SwUpdate. Find more at https://v21.angular.dev/errors/NG0201
	    at createRuntimeError (node_modules/@angular/core/fesm2022/_effect-chunk2.mjs:602:17)
	    at NullInjector.get (node_modules/@angular/core/fesm2022/_effect-chunk2.mjs:883:21)
	    at R3Injector.call (node_modules/@angular/core/fesm2022/_effect-chunk2.mjs:1208:27)
	    at R3Injector.apply (node_modules/ng-mocks/index.mjs:1:129318)
	    at R3Injector.get (node_modules/ng-mocks/index.mjs:1:10460)
	    at R3Injector.call (node_modules/@angular/core/fesm2022/_effect-chunk2.mjs:1208:27)
	    at R3Injector.apply (node_modules/ng-mocks/index.mjs:1:129318)
	    at R3Injector.get (node_modules/ng-mocks/index.mjs:1:10460)
	    at R3Injector.retrieve (node_modules/@angular/core/fesm2022/_effect-chunk2.mjs:1118:19)
	    at injectInjectorOnly (node_modules/@angular/core/fesm2022/_effect-chunk2.mjs:672:35)
Chrome Headless 148.0.0.0 (Windows 10): Executed 19 of 216[31m (2 FAILED)[39m (0 secs / 0.264 secs)
[1A[2K[31mChrome Headless 148.0.0.0 (Windows 10) ShellComponent should display user name FAILED[39m
	╔ÁNotFound: NG0201: No provider found for `SwUpdate`. Source: DynamicTestModule. Path: PwaService -> SwUpdate. Find more at https://v21.angular.dev/errors/NG0201
	error properties: Object({ code: -201, ngErrorCode: -201, ngErrorMessage: 'No provider found for `SwUpdate`.', ngTokenPath: [ 'PwaService', 'SwUpdate' ] })
	╔ÁNotFound: NG0201: No provider found for `SwUpdate`. Source: DynamicTestModule. Path: PwaService -> SwUpdate. Find more at https://v21.angular.dev/errors/NG0201
	    at createRuntimeError (node_modules/@angular/core/fesm2022/_effect-chunk2.mjs:602:17)
	    at NullInjector.get (node_modules/@angular/core/fesm2022/_effect-chunk2.mjs:883:21)
	    at R3Injector.call (node_modules/@angular/core/fesm2022/_effect-chunk2.mjs:1208:27)
	    at R3Injector.apply (node_modules/ng-mocks/index.mjs:1:129318)
	    at R3Injector.get (node_modules/ng-mocks/index.mjs:1:10460)
	    at R3Injector.call (node_modules/@angular/core/fesm2022/_effect-chunk2.mjs:1208:27)
	    at R3Injector.apply (node_modules/ng-mocks/index.mjs:1:129318)
	    at R3Injector.get (node_modules/ng-mocks/index.mjs:1:10460)
	    at R3Injector.retrieve (node_modules/@angular/core/fesm2022/_effect-chunk2.mjs:1118:19)
	    at injectInjectorOnly (node_modules/@angular/core/fesm2022/_effect-chunk2.mjs:672:35)
Chrome Headless 148.0.0.0 (Windows 10): Executed 20 of 216[31m (3 FAILED)[39m (0 secs / 0.308 secs)
[1A[2K[31mChrome Headless 148.0.0.0 (Windows 10) ShellComponent should toggle drawer FAILED[39m
	╔ÁNotFound: NG0201: No provider found for `SwUpdate`. Source: DynamicTestModule. Path: PwaService -> SwUpdate. Find more at https://v21.angular.dev/errors/NG0201
	error properties: Object({ code: -201, ngErrorCode: -201, ngErrorMessage: 'No provider found for `SwUpdate`.', ngTokenPath: [ 'PwaService', 'SwUpdate' ] })
	╔ÁNotFound: NG0201: No provider found for `SwUpdate`. Source: DynamicTestModule. Path: PwaService -> SwUpdate. Find more at https://v21.angular.dev/errors/NG0201
	    at createRuntimeError (node_modules/@angular/core/fesm2022/_effect-chunk2.mjs:602:17)
	    at NullInjector.get (node_modules/@angular/core/fesm2022/_effect-chunk2.mjs:883:21)
	    at R3Injector.call (node_modules/@angular/core/fesm2022/_effect-chunk2.mjs:1208:27)
	    at R3Injector.apply (node_modules/ng-mocks/index.mjs:1:129318)
	    at R3Injector.get (node_modules/ng-mocks/index.mjs:1:10460)
	    at R3Injector.call (node_modules/@angular/core/fesm2022/_effect-chunk2.mjs:1208:27)
	    at R3Injector.apply (node_modules/ng-mocks/index.mjs:1:129318)
	    at R3Injector.get (node_modules/ng-mocks/index.mjs:1:10460)
	    at R3Injector.retrieve (node_modules/@angular/core/fesm2022/_effect-chunk2.mjs:1118:19)
	    at injectInjectorOnly (node_modules/@angular/core/fesm2022/_effect-chunk2.mjs:672:35)
Chrome Headless 148.0.0.0 (Windows 10): Executed 21 of 216[31m (4 FAILED)[39m (0 secs / 0.357 secs)
[1A[2K[31mChrome Headless 148.0.0.0 (Windows 10) ShellComponent should dispatch logout FAILED[39m
	╔ÁNotFound: NG0201: No provider found for `SwUpdate`. Source: DynamicTestModule. Path: PwaService -> SwUpdate. Find more at https://v21.angular.dev/errors/NG0201
	error properties: Object({ code: -201, ngErrorCode: -201, ngErrorMessage: 'No provider found for `SwUpdate`.', ngTokenPath: [ 'PwaService', 'SwUpdate' ] })
	╔ÁNotFound: NG0201: No provider found for `SwUpdate`. Source: DynamicTestModule. Path: PwaService -> SwUpdate. Find more at https://v21.angular.dev/errors/NG0201
	    at createRuntimeError (node_modules/@angular/core/fesm2022/_effect-chunk2.mjs:602:17)
	    at NullInjector.get (node_modules/@angular/core/fesm2022/_effect-chunk2.mjs:883:21)
	    at R3Injector.call (node_modules/@angular/core/fesm2022/_effect-chunk2.mjs:1208:27)
	    at R3Injector.apply (node_modules/ng-mocks/index.mjs:1:129318)
	    at R3Injector.get (node_modules/ng-mocks/index.mjs:1:10460)
	    at R3Injector.call (node_modules/@angular/core/fesm2022/_effect-chunk2.mjs:1208:27)
	    at R3Injector.apply (node_modules/ng-mocks/index.mjs:1:129318)
	    at R3Injector.get (node_modules/ng-mocks/index.mjs:1:10460)
	    at R3Injector.retrieve (node_modules/@angular/core/fesm2022/_effect-chunk2.mjs:1118:19)
	    at injectInjectorOnly (node_modules/@angular/core/fesm2022/_effect-chunk2.mjs:672:35)
Chrome Headless 148.0.0.0 (Windows 10): Executed 22 of 216[31m (5 FAILED)[39m (0 secs / 0.403 secs)
[1A[2KChrome Headless 148.0.0.0 (Windows 10): Executed 23 of 216[31m (5 FAILED)[39m (0 secs / 0.455 secs)
[1A[2KChrome Headless 148.0.0.0 (Windows 10): Executed 24 of 216[31m (5 FAILED)[39m (0 secs / 0.482 secs)
[1A[2KChrome Headless 148.0.0.0 (Windows 10): Executed 25 of 216[31m (5 FAILED)[39m (0 secs / 0.51 secs)
[1A[2KChrome Headless 148.0.0.0 (Windows 10): Executed 26 of 216[31m (5 FAILED)[39m (0 secs / 0.548 secs)
[1A[2KChrome Headless 148.0.0.0 (Windows 10): Executed 27 of 216[31m (5 FAILED)[39m (0 secs / 0.574 secs)
[1A[2KChrome Headless 148.0.0.0 (Windows 10): Executed 28 of 216[31m (5 FAILED)[39m (0 secs / 0.576 secs)
[1A[2KChrome Headless 148.0.0.0 (Windows 10): Executed 29 of 216[31m (5 FAILED)[39m (0 secs / 0.577 secs)
[1A[2KChrome Headless 148.0.0.0 (Windows 10): Executed 30 of 216[31m (5 FAILED)[39m (0 secs / 0.578 secs)
[1A[2KChrome Headless 148.0.0.0 (Windows 10): Executed 31 of 216[31m (5 FAILED)[39m (0 secs / 0.579 secs)
[1A[2KChrome Headless 148.0.0.0 (Windows 10): Executed 32 of 216[31m (5 FAILED)[39m (0 secs / 0.582 secs)
[1A[2KChrome Headless 148.0.0.0 (Windows 10): Executed 33 of 216[31m (5 FAILED)[39m (0 secs / 0.585 secs)
[1A[2KChrome Headless 148.0.0.0 (Windows 10): Executed 34 of 216[31m (5 FAILED)[39m (0 secs / 0.587 secs)
[1A[2KChrome Headless 148.0.0.0 (Windows 10): Executed 35 of 216[31m (5 FAILED)[39m (0 secs / 0.588 secs)
[1A[2KChrome Headless 148.0.0.0 (Windows 10): Executed 36 of 216[31m (5 FAILED)[39m (0 secs / 0.589 secs)
[1A[2KChrome Headless 148.0.0.0 (Windows 10): Executed 37 of 216[31m (5 FAILED)[39m (0 secs / 0.625 secs)
[1A[2KChrome Headless 148.0.0.0 (Windows 10): Executed 38 of 216[31m (5 FAILED)[39m (0 secs / 0.653 secs)
[1A[2KChrome Headless 148.0.0.0 (Windows 10): Executed 39 of 216[31m (5 FAILED)[39m (0 secs / 0.674 secs)
[1A[2KChrome Headless 148.0.0.0 (Windows 10): Executed 40 of 216[31m (5 FAILED)[39m (0 secs / 0.7 secs)
[1A[2KChrome Headless 148.0.0.0 (Windows 10): Executed 41 of 216[31m (5 FAILED)[39m (0 secs / 0.702 secs)
[1A[2KChrome Headless 148.0.0.0 (Windows 10): Executed 42 of 216[31m (5 FAILED)[39m (0 secs / 0.703 secs)
[1A[2KChrome Headless 148.0.0.0 (Windows 10): Executed 43 of 216[31m (5 FAILED)[39m (0 secs / 0.704 secs)
[1A[2KChrome Headless 148.0.0.0 (Windows 10): Executed 44 of 216[31m (5 FAILED)[39m (0 secs / 0.706 secs)
[1A[2KChrome Headless 148.0.0.0 (Windows 10): Executed 45 of 216[31m (5 FAILED)[39m (0 secs / 0.709 secs)
[1A[2KChrome Headless 148.0.0.0 (Windows 10): Executed 46 of 216[31m (5 FAILED)[39m (0 secs / 0.71 secs)
[1A[2KChrome Headless 148.0.0.0 (Windows 10): Executed 47 of 216[31m (5 FAILED)[39m (0 secs / 0.737 secs)
[1A[2KChrome Headless 148.0.0.0 (Windows 10): Executed 48 of 216[31m (5 FAILED)[39m (0 secs / 0.755 secs)
[1A[2KChrome Headless 148.0.0.0 (Windows 10): Executed 49 of 216[31m (5 FAILED)[39m (0 secs / 0.774 secs)
[1A[2KChrome Headless 148.0.0.0 (Windows 10): Executed 50 of 216[31m (5 FAILED)[39m (0 secs / 0.791 secs)
[1A[2K[31mChrome Headless 148.0.0.0 (Windows 10) OfflinePageComponent should create FAILED[39m
	╔ÁNotFound: NG0201: No provider found for `ActivatedRoute`. Source: Standalone[OfflinePageComponent]. Find more at https://v21.angular.dev/errors/NG0201
	error properties: Object({ code: -201, ngErrorCode: -201, ngErrorMessage: 'No provider found for `ActivatedRoute`.', ngTokenPath: [ 'ActivatedRoute' ] })
	╔ÁNotFound: NG0201: No provider found for `ActivatedRoute`. Source: Standalone[OfflinePageComponent]. Find more at https://v21.angular.dev/errors/NG0201
	    at createRuntimeError (node_modules/@angular/core/fesm2022/_effect-chunk2.mjs:602:17)
	    at NullInjector.get (node_modules/@angular/core/fesm2022/_effect-chunk2.mjs:883:21)
	    at R3Injector.call (node_modules/@angular/core/fesm2022/_effect-chunk2.mjs:1208:27)
	    at R3Injector.apply (node_modules/ng-mocks/index.mjs:1:129318)
	    at R3Injector.get (node_modules/ng-mocks/index.mjs:1:10460)
	    at R3Injector.call (node_modules/@angular/core/fesm2022/_effect-chunk2.mjs:1208:27)
	    at R3Injector.apply (node_modules/ng-mocks/index.mjs:1:129318)
	    at R3Injector.get (node_modules/ng-mocks/index.mjs:1:10460)
	    at R3Injector.call (node_modules/@angular/core/fesm2022/_effect-chunk2.mjs:1208:27)
	    at R3Injector.<anonymous> (node_modules/ng-mocks/index.mjs:1:129318)
Chrome Headless 148.0.0.0 (Windows 10): Executed 51 of 216[31m (6 FAILED)[39m (0 secs / 0.796 secs)
[1A[2KChrome Headless 148.0.0.0 (Windows 10): Executed 52 of 216[31m (6 FAILED)[39m (0 secs / 0.827 secs)
[1A[2KChrome Headless 148.0.0.0 (Windows 10): Executed 53 of 216[31m (6 FAILED)[39m (0 secs / 0.844 secs)
[1A[2KChrome Headless 148.0.0.0 (Windows 10): Executed 54 of 216[31m (6 FAILED)[39m (0 secs / 0.861 secs)
[1A[2KChrome Headless 148.0.0.0 (Windows 10): Executed 55 of 216[31m (6 FAILED)[39m (0 secs / 0.862 secs)
[1A[2KChrome Headless 148.0.0.0 (Windows 10): Executed 56 of 216[31m (6 FAILED)[39m (0 secs / 0.862 secs)
[1A[2KERROR: [36m'ERROR', TypeError: Cannot read properties of undefined (reading 'activeTheme')
TypeError: Cannot read properties of undefined (reading 'activeTheme')
    at apply (http://localhost:9876/_karma_webpack_/webpack:/src/app/store/theme/theme.selectors.ts:8:20)
    at apply (http://localhost:9876/_karma_webpack_/webpack:/node_modules/@ngrx/store/fesm2022/ngrx-store.mjs:866:30)
    at apply (http://localhost:9876/_karma_webpack_/webpack:/node_modules/@ngrx/store/fesm2022/ngrx-store.mjs:746:39)
    at apply (http://localhost:9876/_karma_webpack_/webpack:/node_modules/@ngrx/store/fesm2022/ngrx-store.mjs:769:43)
    at apply (http://localhost:9876/_karma_webpack_/webpack:/node_modules/@ngrx/store/fesm2022/ngrx-store.mjs:869:36)
    at pathOrMapFn (http://localhost:9876/_karma_webpack_/webpack:/node_modules/@ngrx/store/fesm2022/ngrx-store.mjs:746:39)
    at call (http://localhost:9876/_karma_webpack_/webpack:/node_modules/@ngrx/store/fesm2022/ngrx-store.mjs:642:52)
    at onNext (http://localhost:9876/_karma_webpack_/webpack:/node_modules/rxjs/dist/esm/internal/operators/map.js:7:37)
    at OperatorSubscriber._next (http://localhost:9876/_karma_webpack_/webpack:/node_modules/rxjs/dist/esm/internal/operators/OperatorSubscriber.js:13:21)
    at OperatorSubscriber.next (http://localhost:9876/_karma_webpack_/webpack:/node_modules/rxjs/dist/esm/internal/Subscriber.js:31:18)[39m
Chrome Headless 148.0.0.0 (Windows 10): Executed 56 of 216[31m (6 FAILED)[39m (0 secs / 0.862 secs)
ERROR: 'ERROR', TypeError: Cannot read properties of undefined (reading 'activeTheme')
TypeError: Cannot read properties of undefined (reading 'activeTheme')
    at apply (http://localhost:9876/_karma_webpack_/webpack:/src/app/store/theme/theme.selectors.ts:8:20)
    at apply (http://localhost:9876/_karma_webpack_/webpack:/node_modules/@ngrx/store/fesm2022/ngrx-store.mjs:866:30)
    at apply (http://localhost:9876/_karma_webpack_/webpack:/node_modules/@ngrx/store/fesm2022/ngrx-store.mjs:746:39)
    at apply (http://localhost:9876/_karma_webpack_/webpack:/node_modules/@ngrx/store/fesm2022/ngrx-store.mjs:769:43)
    at apply (http://localhost:9876/_karma_webpack_/webpack:/node_modules/@ngrx/store/fesm2022/ngrx-store.mjs:869:36)
    at pathOrMapFn (http://localhost:9876/_karma_webpack_/webpack:/node_modules/@ngrx/store/fesm2022/ngrx-store.mjs:746:39)
    at call (http://localhost:9876/_karma_webpack_/webpack:/node_modules/@ngrx/store/fesm2022/ngrx-store.mjs:642:52)
    at onNext (http://localhost:9876/_karma_webpack_/webpack:/node_modules/rxjs/dist/esm/internal/operators/map.js:7:37)
    at OperatorSubscriber._next (http://localhost:9876/_karma_webpack_/webpack:/node_modules/rxjs/dist/esm/internal/operators/OperatorSubscriber.js:13:21)
    at OperatorSubscriber.next (http://localhost:9876/_karma_webpack_/webpack:/node_modules/rxjs/dist/esm/internal/Subscriber.js:31:18)
[1A[2K[31mChrome Headless 148.0.0.0 (Windows 10) PerfilComponent should create FAILED[39m
	TypeError: Cannot read properties of undefined (reading 'activeTheme')
	    at apply (src/app/store/theme/theme.selectors.ts:8:20)
	    at apply (node_modules/@ngrx/store/fesm2022/ngrx-store.mjs:866:30)
	    at apply (node_modules/@ngrx/store/fesm2022/ngrx-store.mjs:746:39)
	    at apply (node_modules/@ngrx/store/fesm2022/ngrx-store.mjs:769:43)
	    at apply (node_modules/@ngrx/store/fesm2022/ngrx-store.mjs:869:36)
	    at pathOrMapFn (node_modules/@ngrx/store/fesm2022/ngrx-store.mjs:746:39)
	    at call (node_modules/@ngrx/store/fesm2022/ngrx-store.mjs:642:52)
	    at onNext (node_modules/rxjs/dist/esm/internal/operators/map.js:7:37)
	    at OperatorSubscriber._next (node_modules/rxjs/dist/esm/internal/operators/OperatorSubscriber.js:13:21)
	    at OperatorSubscriber.next (node_modules/rxjs/dist/esm/internal/Subscriber.js:31:18)
Chrome Headless 148.0.0.0 (Windows 10): Executed 57 of 216[31m (7 FAILED)[39m (0 secs / 0.902 secs)
[1A[2KERROR: [36m'ERROR', TypeError: Cannot read properties of undefined (reading 'activeTheme')
TypeError: Cannot read properties of undefined (reading 'activeTheme')
    at apply (http://localhost:9876/_karma_webpack_/webpack:/src/app/store/theme/theme.selectors.ts:8:20)
    at apply (http://localhost:9876/_karma_webpack_/webpack:/node_modules/@ngrx/store/fesm2022/ngrx-store.mjs:866:30)
    at apply (http://localhost:9876/_karma_webpack_/webpack:/node_modules/@ngrx/store/fesm2022/ngrx-store.mjs:746:39)
    at apply (http://localhost:9876/_karma_webpack_/webpack:/node_modules/@ngrx/store/fesm2022/ngrx-store.mjs:769:43)
    at apply (http://localhost:9876/_karma_webpack_/webpack:/node_modules/@ngrx/store/fesm2022/ngrx-store.mjs:869:36)
    at pathOrMapFn (http://localhost:9876/_karma_webpack_/webpack:/node_modules/@ngrx/store/fesm2022/ngrx-store.mjs:746:39)
    at call (http://localhost:9876/_karma_webpack_/webpack:/node_modules/@ngrx/store/fesm2022/ngrx-store.mjs:642:52)
    at onNext (http://localhost:9876/_karma_webpack_/webpack:/node_modules/rxjs/dist/esm/internal/operators/map.js:7:37)
    at OperatorSubscriber._next (http://localhost:9876/_karma_webpack_/webpack:/node_modules/rxjs/dist/esm/internal/operators/OperatorSubscriber.js:13:21)
    at OperatorSubscriber.next (http://localhost:9876/_karma_webpack_/webpack:/node_modules/rxjs/dist/esm/internal/Subscriber.js:31:18)[39m
Chrome Headless 148.0.0.0 (Windows 10): Executed 57 of 216[31m (7 FAILED)[39m (0 secs / 0.902 secs)
ERROR: 'ERROR', TypeError: Cannot read properties of undefined (reading 'activeTheme')
TypeError: Cannot read properties of undefined (reading 'activeTheme')
    at apply (http://localhost:9876/_karma_webpack_/webpack:/src/app/store/theme/theme.selectors.ts:8:20)
    at apply (http://localhost:9876/_karma_webpack_/webpack:/node_modules/@ngrx/store/fesm2022/ngrx-store.mjs:866:30)
    at apply (http://localhost:9876/_karma_webpack_/webpack:/node_modules/@ngrx/store/fesm2022/ngrx-store.mjs:746:39)
    at apply (http://localhost:9876/_karma_webpack_/webpack:/node_modules/@ngrx/store/fesm2022/ngrx-store.mjs:769:43)
    at apply (http://localhost:9876/_karma_webpack_/webpack:/node_modules/@ngrx/store/fesm2022/ngrx-store.mjs:869:36)
    at pathOrMapFn (http://localhost:9876/_karma_webpack_/webpack:/node_modules/@ngrx/store/fesm2022/ngrx-store.mjs:746:39)
    at call (http://localhost:9876/_karma_webpack_/webpack:/node_modules/@ngrx/store/fesm2022/ngrx-store.mjs:642:52)
    at onNext (http://localhost:9876/_karma_webpack_/webpack:/node_modules/rxjs/dist/esm/internal/operators/map.js:7:37)
    at OperatorSubscriber._next (http://localhost:9876/_karma_webpack_/webpack:/node_modules/rxjs/dist/esm/internal/operators/OperatorSubscriber.js:13:21)
    at OperatorSubscriber.next (http://localhost:9876/_karma_webpack_/webpack:/node_modules/rxjs/dist/esm/internal/Subscriber.js:31:18)
[1A[2K[31mChrome Headless 148.0.0.0 (Windows 10) PerfilComponent should toggle edit mode and populate form FAILED[39m
	TypeError: Cannot read properties of undefined (reading 'activeTheme')
	    at apply (src/app/store/theme/theme.selectors.ts:8:20)
	    at apply (node_modules/@ngrx/store/fesm2022/ngrx-store.mjs:866:30)
	    at apply (node_modules/@ngrx/store/fesm2022/ngrx-store.mjs:746:39)
	    at apply (node_modules/@ngrx/store/fesm2022/ngrx-store.mjs:769:43)
	    at apply (node_modules/@ngrx/store/fesm2022/ngrx-store.mjs:869:36)
	    at pathOrMapFn (node_modules/@ngrx/store/fesm2022/ngrx-store.mjs:746:39)
	    at call (node_modules/@ngrx/store/fesm2022/ngrx-store.mjs:642:52)
	    at onNext (node_modules/rxjs/dist/esm/internal/operators/map.js:7:37)
	    at OperatorSubscriber._next (node_modules/rxjs/dist/esm/internal/operators/OperatorSubscriber.js:13:21)
	    at OperatorSubscriber.next (node_modules/rxjs/dist/esm/internal/Subscriber.js:31:18)
Chrome Headless 148.0.0.0 (Windows 10): Executed 58 of 216[31m (8 FAILED)[39m (0 secs / 0.932 secs)
[1A[2KERROR: [36m'ERROR', TypeError: Cannot read properties of undefined (reading 'activeTheme')
TypeError: Cannot read properties of undefined (reading 'activeTheme')
    at apply (http://localhost:9876/_karma_webpack_/webpack:/src/app/store/theme/theme.selectors.ts:8:20)
    at apply (http://localhost:9876/_karma_webpack_/webpack:/node_modules/@ngrx/store/fesm2022/ngrx-store.mjs:866:30)
    at apply (http://localhost:9876/_karma_webpack_/webpack:/node_modules/@ngrx/store/fesm2022/ngrx-store.mjs:746:39)
    at apply (http://localhost:9876/_karma_webpack_/webpack:/node_modules/@ngrx/store/fesm2022/ngrx-store.mjs:769:43)
    at apply (http://localhost:9876/_karma_webpack_/webpack:/node_modules/@ngrx/store/fesm2022/ngrx-store.mjs:869:36)
    at pathOrMapFn (http://localhost:9876/_karma_webpack_/webpack:/node_modules/@ngrx/store/fesm2022/ngrx-store.mjs:746:39)
    at call (http://localhost:9876/_karma_webpack_/webpack:/node_modules/@ngrx/store/fesm2022/ngrx-store.mjs:642:52)
    at onNext (http://localhost:9876/_karma_webpack_/webpack:/node_modules/rxjs/dist/esm/internal/operators/map.js:7:37)
    at OperatorSubscriber._next (http://localhost:9876/_karma_webpack_/webpack:/node_modules/rxjs/dist/esm/internal/operators/OperatorSubscriber.js:13:21)
    at OperatorSubscriber.next (http://localhost:9876/_karma_webpack_/webpack:/node_modules/rxjs/dist/esm/internal/Subscriber.js:31:18)[39m
Chrome Headless 148.0.0.0 (Windows 10): Executed 58 of 216[31m (8 FAILED)[39m (0 secs / 0.932 secs)
ERROR: 'ERROR', TypeError: Cannot read properties of undefined (reading 'activeTheme')
TypeError: Cannot read properties of undefined (reading 'activeTheme')
    at apply (http://localhost:9876/_karma_webpack_/webpack:/src/app/store/theme/theme.selectors.ts:8:20)
    at apply (http://localhost:9876/_karma_webpack_/webpack:/node_modules/@ngrx/store/fesm2022/ngrx-store.mjs:866:30)
    at apply (http://localhost:9876/_karma_webpack_/webpack:/node_modules/@ngrx/store/fesm2022/ngrx-store.mjs:746:39)
    at apply (http://localhost:9876/_karma_webpack_/webpack:/node_modules/@ngrx/store/fesm2022/ngrx-store.mjs:769:43)
    at apply (http://localhost:9876/_karma_webpack_/webpack:/node_modules/@ngrx/store/fesm2022/ngrx-store.mjs:869:36)
    at pathOrMapFn (http://localhost:9876/_karma_webpack_/webpack:/node_modules/@ngrx/store/fesm2022/ngrx-store.mjs:746:39)
    at call (http://localhost:9876/_karma_webpack_/webpack:/node_modules/@ngrx/store/fesm2022/ngrx-store.mjs:642:52)
    at onNext (http://localhost:9876/_karma_webpack_/webpack:/node_modules/rxjs/dist/esm/internal/operators/map.js:7:37)
    at OperatorSubscriber._next (http://localhost:9876/_karma_webpack_/webpack:/node_modules/rxjs/dist/esm/internal/operators/OperatorSubscriber.js:13:21)
    at OperatorSubscriber.next (http://localhost:9876/_karma_webpack_/webpack:/node_modules/rxjs/dist/esm/internal/Subscriber.js:31:18)
[1A[2K[31mChrome Headless 148.0.0.0 (Windows 10) PerfilComponent should dispatch saveProfile on form submission FAILED[39m
	TypeError: Cannot read properties of undefined (reading 'activeTheme')
	    at apply (src/app/store/theme/theme.selectors.ts:8:20)
	    at apply (node_modules/@ngrx/store/fesm2022/ngrx-store.mjs:866:30)
	    at apply (node_modules/@ngrx/store/fesm2022/ngrx-store.mjs:746:39)
	    at apply (node_modules/@ngrx/store/fesm2022/ngrx-store.mjs:769:43)
	    at apply (node_modules/@ngrx/store/fesm2022/ngrx-store.mjs:869:36)
	    at pathOrMapFn (node_modules/@ngrx/store/fesm2022/ngrx-store.mjs:746:39)
	    at call (node_modules/@ngrx/store/fesm2022/ngrx-store.mjs:642:52)
	    at onNext (node_modules/rxjs/dist/esm/internal/operators/map.js:7:37)
	    at OperatorSubscriber._next (node_modules/rxjs/dist/esm/internal/operators/OperatorSubscriber.js:13:21)
	    at OperatorSubscriber.next (node_modules/rxjs/dist/esm/internal/Subscriber.js:31:18)
Chrome Headless 148.0.0.0 (Windows 10): Executed 59 of 216[31m (9 FAILED)[39m (0 secs / 0.96 secs)
[1A[2KChrome Headless 148.0.0.0 (Windows 10): Executed 60 of 216[31m (9 FAILED)[39m (0 secs / 0.986 secs)
[1A[2KChrome Headless 148.0.0.0 (Windows 10): Executed 61 of 216[31m (9 FAILED)[39m (0 secs / 1.007 secs)
[1A[2KChrome Headless 148.0.0.0 (Windows 10): Executed 62 of 216[31m (9 FAILED)[39m (0 secs / 1.026 secs)
[1A[2KChrome Headless 148.0.0.0 (Windows 10): Executed 63 of 216[31m (9 FAILED)[39m (0 secs / 1.026 secs)
[1A[2KChrome Headless 148.0.0.0 (Windows 10): Executed 64 of 216[31m (9 FAILED)[39m (0 secs / 1.028 secs)
[1A[2KChrome Headless 148.0.0.0 (Windows 10): Executed 65 of 216[31m (9 FAILED)[39m (0 secs / 1.032 secs)
[1A[2KChrome Headless 148.0.0.0 (Windows 10): Executed 66 of 216[31m (9 FAILED)[39m (0 secs / 1.034 secs)
[1A[2KChrome Headless 148.0.0.0 (Windows 10): Executed 67 of 216[31m (9 FAILED)[39m (0 secs / 1.035 secs)
[1A[2KChrome Headless 148.0.0.0 (Windows 10): Executed 68 of 216[31m (9 FAILED)[39m (0 secs / 1.036 secs)
[1A[2KChrome Headless 148.0.0.0 (Windows 10): Executed 69 of 216[31m (9 FAILED)[39m (0 secs / 1.036 secs)
[1A[2KChrome Headless 148.0.0.0 (Windows 10): Executed 70 of 216[31m (9 FAILED)[39m (0 secs / 1.038 secs)
[1A[2KChrome Headless 148.0.0.0 (Windows 10): Executed 71 of 216[31m (9 FAILED)[39m (0 secs / 1.038 secs)
[1A[2KChrome Headless 148.0.0.0 (Windows 10): Executed 72 of 216[31m (9 FAILED)[39m (0 secs / 1.038 secs)
[1A[2KChrome Headless 148.0.0.0 (Windows 10): Executed 73 of 216[31m (9 FAILED)[39m (0 secs / 1.168 secs)
[1A[2KChrome Headless 148.0.0.0 (Windows 10): Executed 74 of 216[31m (9 FAILED)[39m (0 secs / 1.248 secs)
[1A[2KWARN: [36m'Forgot to flush TestBed? MockRender cannot be used without a reset after TestBed.get / TestBed.inject / TestBed.createComponent and another MockRender in the same test. If you want to mock a service before rendering, consider usage of MockRenderFactory or MockInstance. To flush TestBed, add a call of ngMocks.flushTestBed() before the call of MockRender, or pass `reset: true` to MockRender options.'[39m
Chrome Headless 148.0.0.0 (Windows 10): Executed 74 of 216[31m (9 FAILED)[39m (0 secs / 1.248 secs)
WARN: 'Forgot to flush TestBed? MockRender cannot be used without a reset after TestBed.get / TestBed.inject / TestBed.createComponent and another MockRender in the same test. If you want to mock a service before rendering, consider usage of MockRenderFactory or MockInstance. To flush TestBed, add a call of ngMocks.flushTestBed() before the call of MockRender, or pass `reset: true` to MockRender options.'
[1A[2KChrome Headless 148.0.0.0 (Windows 10): Executed 75 of 216[31m (9 FAILED)[39m (0 secs / 1.321 secs)
[1A[2KWARN: [36m'Forgot to flush TestBed? MockRender cannot be used without a reset after TestBed.get / TestBed.inject / TestBed.createComponent and another MockRender in the same test. If you want to mock a service before rendering, consider usage of MockRenderFactory or MockInstance. To flush TestBed, add a call of ngMocks.flushTestBed() before the call of MockRender, or pass `reset: true` to MockRender options.'[39m
Chrome Headless 148.0.0.0 (Windows 10): Executed 75 of 216[31m (9 FAILED)[39m (0 secs / 1.321 secs)
WARN: 'Forgot to flush TestBed? MockRender cannot be used without a reset after TestBed.get / TestBed.inject / TestBed.createComponent and another MockRender in the same test. If you want to mock a service before rendering, consider usage of MockRenderFactory or MockInstance. To flush TestBed, add a call of ngMocks.flushTestBed() before the call of MockRender, or pass `reset: true` to MockRender options.'
[1A[2K[31mChrome Headless 148.0.0.0 (Windows 10) DashboardComponent should change theme when theme card is clicked FAILED[39m
	Error: Cannot find an element via ngMocks.find(button.theme-card)
	    at Object.find (node_modules/ng-mocks/index.mjs:1:84332)
	    at UserContext.apply (src/app/features/dashboard/dashboard.component.spec.ts:98:32)
	    at _ZoneDelegate.invoke (node_modules/zone.js/fesm2015/zone.js:358:158)
	    at _ProxyZoneSpec.onInvoke (node_modules/zone.js/fesm2015/zone-testing.js:956:33)
	    at _ZoneDelegate.invoke (node_modules/zone.js/fesm2015/zone.js:358:46)
	    at _ZoneImpl.run (node_modules/zone.js/fesm2015/zone.js:127:35)
	    at runInTestZone (node_modules/zone.js/fesm2015/zone-testing.js:192:30)
	    at UserContext.<anonymous> (node_modules/zone.js/fesm2015/zone-testing.js:199:16)
	    at <Jasmine>
Chrome Headless 148.0.0.0 (Windows 10): Executed 76 of 216[31m (10 FAILED)[39m (0 secs / 1.394 secs)
[1A[2KChrome Headless 148.0.0.0 (Windows 10): Executed 77 of 216[31m (10 FAILED)[39m (0 secs / 1.476 secs)
[1A[2KChrome Headless 148.0.0.0 (Windows 10): Executed 78 of 216[31m (10 FAILED)[39m (0 secs / 1.477 secs)
[1A[2KChrome Headless 148.0.0.0 (Windows 10): Executed 79 of 216[31m (10 FAILED)[39m (0 secs / 1.477 secs)
[1A[2KChrome Headless 148.0.0.0 (Windows 10): Executed 80 of 216[31m (10 FAILED)[39m (0 secs / 1.477 secs)
[1A[2KChrome Headless 148.0.0.0 (Windows 10): Executed 81 of 216[31m (10 FAILED)[39m (0 secs / 1.477 secs)
[1A[2KChrome Headless 148.0.0.0 (Windows 10): Executed 82 of 216[31m (10 FAILED)[39m (0 secs / 1.477 secs)
[1A[2KChrome Headless 148.0.0.0 (Windows 10): Executed 83 of 216[31m (10 FAILED)[39m (0 secs / 1.477 secs)
[1A[2KChrome Headless 148.0.0.0 (Windows 10): Executed 84 of 216[31m (10 FAILED)[39m (0 secs / 1.477 secs)
[1A[2KChrome Headless 148.0.0.0 (Windows 10): Executed 85 of 216[31m (10 FAILED)[39m (0 secs / 1.477 secs)
[1A[2KChrome Headless 148.0.0.0 (Windows 10): Executed 86 of 216[31m (10 FAILED)[39m (0 secs / 1.477 secs)
[1A[2KChrome Headless 148.0.0.0 (Windows 10): Executed 87 of 216[31m (10 FAILED)[39m (0 secs / 1.487 secs)
[1A[2KChrome Headless 148.0.0.0 (Windows 10): Executed 88 of 216[31m (10 FAILED)[39m (0 secs / 1.492 secs)
[1A[2KChrome Headless 148.0.0.0 (Windows 10): Executed 89 of 216[31m (10 FAILED)[39m (0 secs / 1.507 secs)
[1A[2KChrome Headless 148.0.0.0 (Windows 10): Executed 90 of 216[31m (10 FAILED)[39m (0 secs / 1.51 secs)
[1A[2KChrome Headless 148.0.0.0 (Windows 10): Executed 91 of 216[31m (10 FAILED)[39m (0 secs / 1.512 secs)
[1A[2KChrome Headless 148.0.0.0 (Windows 10): Executed 92 of 216[31m (10 FAILED)[39m (0 secs / 1.518 secs)
[1A[2KChrome Headless 148.0.0.0 (Windows 10): Executed 93 of 216[31m (10 FAILED)[39m (0 secs / 1.521 secs)
[1A[2KChrome Headless 148.0.0.0 (Windows 10): Executed 94 of 216[31m (10 FAILED)[39m (0 secs / 1.521 secs)
[1A[2KChrome Headless 148.0.0.0 (Windows 10): Executed 95 of 216[31m (10 FAILED)[39m (0 secs / 1.521 secs)
[1A[2KChrome Headless 148.0.0.0 (Windows 10): Executed 96 of 216[31m (10 FAILED)[39m (0 secs / 1.521 secs)
[1A[2KChrome Headless 148.0.0.0 (Windows 10): Executed 97 of 216[31m (10 FAILED)[39m (0 secs / 1.521 secs)
[1A[2KChrome Headless 148.0.0.0 (Windows 10): Executed 98 of 216[31m (10 FAILED)[39m (0 secs / 1.521 secs)
[1A[2KChrome Headless 148.0.0.0 (Windows 10): Executed 99 of 216[31m (10 FAILED)[39m (0 secs / 1.521 secs)
[1A[2KChrome Headless 148.0.0.0 (Windows 10): Executed 100 of 216[31m (10 FAILED)[39m (0 secs / 1.522 secs)
[1A[2KChrome Headless 148.0.0.0 (Windows 10): Executed 101 of 216[31m (10 FAILED)[39m (0 secs / 1.522 secs)
[1A[2KChrome Headless 148.0.0.0 (Windows 10): Executed 102 of 216[31m (10 FAILED)[39m (0 secs / 1.522 secs)
[1A[2KChrome Headless 148.0.0.0 (Windows 10): Executed 103 of 216[31m (10 FAILED)[39m (0 secs / 1.553 secs)
[1A[2KChrome Headless 148.0.0.0 (Windows 10): Executed 104 of 216[31m (10 FAILED)[39m (0 secs / 1.584 secs)
[1A[2KChrome Headless 148.0.0.0 (Windows 10): Executed 105 of 216[31m (10 FAILED)[39m (0 secs / 1.613 secs)
[1A[2KChrome Headless 148.0.0.0 (Windows 10): Executed 106 of 216[31m (10 FAILED)[39m (0 secs / 1.644 secs)
[1A[2KChrome Headless 148.0.0.0 (Windows 10): Executed 107 of 216[31m (10 FAILED)[39m (0 secs / 1.669 secs)
[1A[2KChrome Headless 148.0.0.0 (Windows 10): Executed 108 of 216[31m (10 FAILED)[39m (0 secs / 1.685 secs)
[1A[2KChrome Headless 148.0.0.0 (Windows 10): Executed 109 of 216[31m (10 FAILED)[39m (0 secs / 1.703 secs)
[1A[2KChrome Headless 148.0.0.0 (Windows 10): Executed 110 of 216[31m (10 FAILED)[39m (0 secs / 1.704 secs)
[1A[2KChrome Headless 148.0.0.0 (Windows 10): Executed 111 of 216[31m (10 FAILED)[39m (0 secs / 1.704 secs)
[1A[2KChrome Headless 148.0.0.0 (Windows 10): Executed 112 of 216[31m (10 FAILED)[39m (0 secs / 1.706 secs)
[1A[2KChrome Headless 148.0.0.0 (Windows 10): Executed 113 of 216[31m (10 FAILED)[39m (0 secs / 1.707 secs)
[1A[2KChrome Headless 148.0.0.0 (Windows 10): Executed 114 of 216[31m (10 FAILED)[39m (0 secs / 1.708 secs)
[1A[2K[31mChrome Headless 148.0.0.0 (Windows 10) AuthEffects should handle login success FAILED[39m
	Expected spy setItem to have been called with:
	  [ 'token', 'token' ]
	but actual calls were:
	  [ 'auth_token', 'token' ].
	
	Call 0:
	  Expected $[0] = 'auth_token' to equal 'token'.
	Error: Expected spy setItem to have been called with:
	  [ 'token', 'token' ]
	but actual calls were:
	  [ 'auth_token', 'token' ].
	Call 0:
	  Expected $[0] = 'auth_token' to equal 'token'.
	    at <Jasmine>
	    at Object.next (src/app/store/auth/auth.effects.spec.ts:49:36)
	    at ConsumerObserver.next (node_modules/rxjs/dist/esm/internal/Subscriber.js:91:33)
	    at SafeSubscriber._next (node_modules/rxjs/dist/esm/internal/Subscriber.js:60:26)
	    at SafeSubscriber.next (node_modules/rxjs/dist/esm/internal/Subscriber.js:31:18)
	Expected spy setItem to have been called with:
	  [ 'refreshToken', 'refresh' ]
	but actual calls were:
	  [ 'auth_token', 'token' ].
	
	Call 0:
	  Expected $[0] = 'auth_token' to equal 'refreshToken'.
	  Expected $[1] = 'token' to equal 'refresh'.
	Error: Expected spy setItem to have been called with:
	  [ 'refreshToken', 'refresh' ]
	but actual calls were:
	  [ 'auth_token', 'token' ].
	Call 0:
	  Expected $[0] = 'auth_token' to equal 'refreshToken'.
	  Expected $[1] = 'token' to equal 'refresh'.
	    at <Jasmine>
	    at Object.next (src/app/store/auth/auth.effects.spec.ts:50:36)
	    at ConsumerObserver.next (node_modules/rxjs/dist/esm/internal/Subscriber.js:91:33)
	    at SafeSubscriber._next (node_modules/rxjs/dist/esm/internal/Subscriber.js:60:26)
	    at SafeSubscriber.next (node_modules/rxjs/dist/esm/internal/Subscriber.js:31:18)
	Expected spy Router.navigate to have been called with:
	  [ [ '/dashboard' ] ]
	but it was never called.
	    at <Jasmine>
	    at Object.next (src/app/store/auth/auth.effects.spec.ts:51:31)
	    at ConsumerObserver.next (node_modules/rxjs/dist/esm/internal/Subscriber.js:91:33)
	    at SafeSubscriber._next (node_modules/rxjs/dist/esm/internal/Subscriber.js:60:26)
	    at SafeSubscriber.next (node_modules/rxjs/dist/esm/internal/Subscriber.js:31:18)
Chrome Headless 148.0.0.0 (Windows 10): Executed 115 of 216[31m (11 FAILED)[39m (0 secs / 1.711 secs)
[1A[2KChrome Headless 148.0.0.0 (Windows 10): Executed 116 of 216[31m (11 FAILED)[39m (0 secs / 1.714 secs)
[1A[2KChrome Headless 148.0.0.0 (Windows 10): Executed 117 of 216[31m (11 FAILED)[39m (0 secs / 1.716 secs)
[1A[2KChrome Headless 148.0.0.0 (Windows 10): Executed 118 of 216[31m (11 FAILED)[39m (0 secs / 1.723 secs)
[1A[2KChrome Headless 148.0.0.0 (Windows 10): Executed 119 of 216[31m (11 FAILED)[39m (0 secs / 1.734 secs)
[1A[2KChrome Headless 148.0.0.0 (Windows 10): Executed 120 of 216[31m (11 FAILED)[39m (0 secs / 1.739 secs)
[1A[2KChrome Headless 148.0.0.0 (Windows 10): Executed 121 of 216[31m (11 FAILED)[39m (0 secs / 1.765 secs)
[1A[2KChrome Headless 148.0.0.0 (Windows 10): Executed 122 of 216[31m (11 FAILED)[39m (0 secs / 1.782 secs)
[1A[2KChrome Headless 148.0.0.0 (Windows 10): Executed 123 of 216[31m (11 FAILED)[39m (0 secs / 1.8 secs)
[1A[2KChrome Headless 148.0.0.0 (Windows 10): Executed 124 of 216[31m (11 FAILED)[39m (0 secs / 1.834 secs)
[1A[2KChrome Headless 148.0.0.0 (Windows 10): Executed 125 of 216[31m (11 FAILED)[39m (0 secs / 1.858 secs)
[1A[2KChrome Headless 148.0.0.0 (Windows 10): Executed 126 of 216[31m (11 FAILED)[39m (0 secs / 1.86 secs)
[1A[2KChrome Headless 148.0.0.0 (Windows 10): Executed 127 of 216[31m (11 FAILED)[39m (0 secs / 1.861 secs)
[1A[2KChrome Headless 148.0.0.0 (Windows 10): Executed 128 of 216[31m (11 FAILED)[39m (0 secs / 1.864 secs)
[1A[2KChrome Headless 148.0.0.0 (Windows 10): Executed 129 of 216[31m (11 FAILED)[39m (0 secs / 1.865 secs)
[1A[2KChrome Headless 148.0.0.0 (Windows 10): Executed 130 of 216[31m (11 FAILED)[39m (0 secs / 1.882 secs)
[1A[2KChrome Headless 148.0.0.0 (Windows 10): Executed 131 of 216[31m (11 FAILED)[39m (0 secs / 1.894 secs)
[1A[2KChrome Headless 148.0.0.0 (Windows 10): Executed 132 of 216[31m (11 FAILED)[39m (0 secs / 1.907 secs)
[1A[2KChrome Headless 148.0.0.0 (Windows 10): Executed 133 of 216[31m (11 FAILED)[39m (0 secs / 1.92 secs)
[1A[2KChrome Headless 148.0.0.0 (Windows 10): Executed 134 of 216[31m (11 FAILED)[39m (0 secs / 1.933 secs)
[1A[2KChrome Headless 148.0.0.0 (Windows 10): Executed 135 of 216[31m (11 FAILED)[39m (0 secs / 1.937 secs)
[1A[2K[31mChrome Headless 148.0.0.0 (Windows 10) AreaChartComponent should create FAILED[39m
	╔ÁNotFound: NG0201: No provider found for `Store`. Source: DynamicTestModule. Find more at https://v21.angular.dev/errors/NG0201
	error properties: Object({ code: -201, ngErrorCode: -201, ngErrorMessage: 'No provider found for `Store`.', ngTokenPath: [ 'Store' ] })
	╔ÁNotFound: NG0201: No provider found for `Store`. Source: DynamicTestModule. Find more at https://v21.angular.dev/errors/NG0201
	    at createRuntimeError (node_modules/@angular/core/fesm2022/_effect-chunk2.mjs:602:17)
	    at NullInjector.get (node_modules/@angular/core/fesm2022/_effect-chunk2.mjs:883:21)
	    at R3Injector.call (node_modules/@angular/core/fesm2022/_effect-chunk2.mjs:1208:27)
	    at R3Injector.apply (node_modules/ng-mocks/index.mjs:1:129318)
	    at R3Injector.get (node_modules/ng-mocks/index.mjs:1:10460)
	    at R3Injector.call (node_modules/@angular/core/fesm2022/_effect-chunk2.mjs:1208:27)
	    at R3Injector.apply (node_modules/ng-mocks/index.mjs:1:129318)
	    at R3Injector.get (node_modules/ng-mocks/index.mjs:1:10460)
	    at ChainedInjector.get (node_modules/@angular/core/fesm2022/_debug_node-chunk.mjs:7762:32)
	    at lookupTokenUsingModuleInjector (node_modules/@angular/core/fesm2022/_debug_node-chunk.mjs:890:31)
Chrome Headless 148.0.0.0 (Windows 10): Executed 136 of 216[31m (12 FAILED)[39m (0 secs / 1.985 secs)
[1A[2KChrome Headless 148.0.0.0 (Windows 10): Executed 137 of 216[31m (12 FAILED)[39m (0 secs / 1.985 secs)
[1A[2KChrome Headless 148.0.0.0 (Windows 10): Executed 138 of 216[31m (12 FAILED)[39m (0 secs / 1.985 secs)
[1A[2KChrome Headless 148.0.0.0 (Windows 10): Executed 139 of 216[31m (12 FAILED)[39m (0 secs / 1.986 secs)
[1A[2KChrome Headless 148.0.0.0 (Windows 10): Executed 140 of 216[31m (12 FAILED)[39m (0 secs / 1.986 secs)
[1A[2KChrome Headless 148.0.0.0 (Windows 10): Executed 141 of 216[31m (12 FAILED)[39m (0 secs / 1.986 secs)
[1A[2KChrome Headless 148.0.0.0 (Windows 10): Executed 142 of 216[31m (12 FAILED)[39m (0 secs / 1.989 secs)
[1A[2KChrome Headless 148.0.0.0 (Windows 10): Executed 143 of 216[31m (12 FAILED)[39m (0 secs / 1.99 secs)
[1A[2KChrome Headless 148.0.0.0 (Windows 10): Executed 144 of 216[31m (12 FAILED)[39m (0 secs / 2.004 secs)
[1A[2KChrome Headless 148.0.0.0 (Windows 10): Executed 145 of 216[31m (12 FAILED)[39m (0 secs / 2.018 secs)
[1A[2KChrome Headless 148.0.0.0 (Windows 10): Executed 146 of 216[31m (12 FAILED)[39m (0 secs / 2.028 secs)
[1A[2KChrome Headless 148.0.0.0 (Windows 10): Executed 147 of 216[31m (12 FAILED)[39m (0 secs / 2.029 secs)
[1A[2KChrome Headless 148.0.0.0 (Windows 10): Executed 148 of 216[31m (12 FAILED)[39m (0 secs / 2.029 secs)
[1A[2KChrome Headless 148.0.0.0 (Windows 10): Executed 149 of 216[31m (12 FAILED)[39m (0 secs / 2.029 secs)
[1A[2KChrome Headless 148.0.0.0 (Windows 10): Executed 150 of 216[31m (12 FAILED)[39m (0 secs / 2.03 secs)
[1A[2KChrome Headless 148.0.0.0 (Windows 10): Executed 151 of 216[31m (12 FAILED)[39m (0 secs / 2.03 secs)
[1A[2KChrome Headless 148.0.0.0 (Windows 10): Executed 152 of 216[31m (12 FAILED)[39m (0 secs / 2.031 secs)
[1A[2KChrome Headless 148.0.0.0 (Windows 10): Executed 153 of 216[31m (12 FAILED)[39m (0 secs / 2.031 secs)
[1A[2KChrome Headless 148.0.0.0 (Windows 10): Executed 154 of 216[31m (12 FAILED)[39m (0 secs / 2.032 secs)
[1A[2KChrome Headless 148.0.0.0 (Windows 10): Executed 155 of 216[31m (12 FAILED)[39m (0 secs / 2.032 secs)
[1A[2KChrome Headless 148.0.0.0 (Windows 10): Executed 156 of 216[31m (12 FAILED)[39m (0 secs / 2.032 secs)
[1A[2KChrome Headless 148.0.0.0 (Windows 10): Executed 157 of 216[31m (12 FAILED)[39m (0 secs / 2.067 secs)
[1A[2KChrome Headless 148.0.0.0 (Windows 10): Executed 158 of 216[31m (12 FAILED)[39m (0 secs / 2.084 secs)
[1A[2KChrome Headless 148.0.0.0 (Windows 10): Executed 159 of 216[31m (12 FAILED)[39m (0 secs / 2.108 secs)
[1A[2KChrome Headless 148.0.0.0 (Windows 10): Executed 160 of 216[31m (12 FAILED)[39m (0 secs / 2.126 secs)
[1A[2KChrome Headless 148.0.0.0 (Windows 10): Executed 161 of 216[31m (12 FAILED)[39m (0 secs / 2.153 secs)
[1A[2K[31mChrome Headless 148.0.0.0 (Windows 10) EvolutionChartComponent should create FAILED[39m
	╔ÁNotFound: NG0201: No provider found for `Store`. Source: DynamicTestModule. Find more at https://v21.angular.dev/errors/NG0201
	error properties: Object({ code: -201, ngErrorCode: -201, ngErrorMessage: 'No provider found for `Store`.', ngTokenPath: [ 'Store' ] })
	╔ÁNotFound: NG0201: No provider found for `Store`. Source: DynamicTestModule. Find more at https://v21.angular.dev/errors/NG0201
	    at createRuntimeError (node_modules/@angular/core/fesm2022/_effect-chunk2.mjs:602:17)
	    at NullInjector.get (node_modules/@angular/core/fesm2022/_effect-chunk2.mjs:883:21)
	    at R3Injector.call (node_modules/@angular/core/fesm2022/_effect-chunk2.mjs:1208:27)
	    at R3Injector.apply (node_modules/ng-mocks/index.mjs:1:129318)
	    at R3Injector.get (node_modules/ng-mocks/index.mjs:1:10460)
	    at R3Injector.call (node_modules/@angular/core/fesm2022/_effect-chunk2.mjs:1208:27)
	    at R3Injector.apply (node_modules/ng-mocks/index.mjs:1:129318)
	    at R3Injector.get (node_modules/ng-mocks/index.mjs:1:10460)
	    at ChainedInjector.get (node_modules/@angular/core/fesm2022/_debug_node-chunk.mjs:7762:32)
	    at lookupTokenUsingModuleInjector (node_modules/@angular/core/fesm2022/_debug_node-chunk.mjs:890:31)
Chrome Headless 148.0.0.0 (Windows 10): Executed 162 of 216[31m (13 FAILED)[39m (0 secs / 2.203 secs)
[1A[2K[31mChrome Headless 148.0.0.0 (Windows 10) EvolutionChartComponent should have initial chart data FAILED[39m
	╔ÁNotFound: NG0201: No provider found for `Store`. Source: DynamicTestModule. Find more at https://v21.angular.dev/errors/NG0201
	error properties: Object({ code: -201, ngErrorCode: -201, ngErrorMessage: 'No provider found for `Store`.', ngTokenPath: [ 'Store' ] })
	╔ÁNotFound: NG0201: No provider found for `Store`. Source: DynamicTestModule. Find more at https://v21.angular.dev/errors/NG0201
	    at createRuntimeError (node_modules/@angular/core/fesm2022/_effect-chunk2.mjs:602:17)
	    at NullInjector.get (node_modules/@angular/core/fesm2022/_effect-chunk2.mjs:883:21)
	    at R3Injector.call (node_modules/@angular/core/fesm2022/_effect-chunk2.mjs:1208:27)
	    at R3Injector.apply (node_modules/ng-mocks/index.mjs:1:129318)
	    at R3Injector.get (node_modules/ng-mocks/index.mjs:1:10460)
	    at R3Injector.call (node_modules/@angular/core/fesm2022/_effect-chunk2.mjs:1208:27)
	    at R3Injector.apply (node_modules/ng-mocks/index.mjs:1:129318)
	    at R3Injector.get (node_modules/ng-mocks/index.mjs:1:10460)
	    at ChainedInjector.get (node_modules/@angular/core/fesm2022/_debug_node-chunk.mjs:7762:32)
	    at lookupTokenUsingModuleInjector (node_modules/@angular/core/fesm2022/_debug_node-chunk.mjs:890:31)
Chrome Headless 148.0.0.0 (Windows 10): Executed 163 of 216[31m (14 FAILED)[39m (0 secs / 2.247 secs)
[1A[2KChrome Headless 148.0.0.0 (Windows 10): Executed 164 of 216[31m (14 FAILED)[39m (0 secs / 2.247 secs)
[1A[2KChrome Headless 148.0.0.0 (Windows 10): Executed 165 of 216[31m (14 FAILED)[39m (0 secs / 2.247 secs)
[1A[2KChrome Headless 148.0.0.0 (Windows 10): Executed 166 of 216[31m (14 FAILED)[39m (0 secs / 2.248 secs)
[1A[2KChrome Headless 148.0.0.0 (Windows 10): Executed 167 of 216[31m (14 FAILED)[39m (0 secs / 2.248 secs)
[1A[2KChrome Headless 148.0.0.0 (Windows 10): Executed 168 of 216[31m (14 FAILED)[39m (0 secs / 2.248 secs)
[1A[2KChrome Headless 148.0.0.0 (Windows 10): Executed 169 of 216[31m (14 FAILED)[39m (0 secs / 2.268 secs)
[1A[2KChrome Headless 148.0.0.0 (Windows 10): Executed 170 of 216[31m (14 FAILED)[39m (0 secs / 2.275 secs)
[1A[2KChrome Headless 148.0.0.0 (Windows 10): Executed 171 of 216[31m (14 FAILED)[39m (0 secs / 2.284 secs)
[1A[2KChrome Headless 148.0.0.0 (Windows 10): Executed 172 of 216[31m (14 FAILED)[39m (0 secs / 2.292 secs)
[1A[2KChrome Headless 148.0.0.0 (Windows 10): Executed 173 of 216[31m (14 FAILED)[39m (0 secs / 2.292 secs)
[1A[2KChrome Headless 148.0.0.0 (Windows 10): Executed 174 of 216[31m (14 FAILED)[39m (0 secs / 2.292 secs)
[1A[2KChrome Headless 148.0.0.0 (Windows 10): Executed 175 of 216[31m (14 FAILED)[39m (0 secs / 2.292 secs)
[1A[2KChrome Headless 148.0.0.0 (Windows 10): Executed 176 of 216[31m (14 FAILED)[39m (0 secs / 2.294 secs)
[1A[2KChrome Headless 148.0.0.0 (Windows 10): Executed 177 of 216[31m (14 FAILED)[39m (0 secs / 2.295 secs)
[1A[2KChrome Headless 148.0.0.0 (Windows 10): Executed 178 of 216[31m (14 FAILED)[39m (0 secs / 2.297 secs)
[1A[2KChrome Headless 148.0.0.0 (Windows 10): Executed 179 of 216[31m (14 FAILED)[39m (0 secs / 2.299 secs)
[1A[2KChrome Headless 148.0.0.0 (Windows 10): Executed 180 of 216[31m (14 FAILED)[39m (0 secs / 2.3 secs)
[1A[2KChrome Headless 148.0.0.0 (Windows 10): Executed 181 of 216[31m (14 FAILED)[39m (0 secs / 2.302 secs)
[1A[2KChrome Headless 148.0.0.0 (Windows 10): Executed 182 of 216[31m (14 FAILED)[39m (0 secs / 2.304 secs)
[1A[2KChrome Headless 148.0.0.0 (Windows 10): Executed 183 of 216[31m (14 FAILED)[39m (0 secs / 2.305 secs)
[1A[2KChrome Headless 148.0.0.0 (Windows 10): Executed 184 of 216[31m (14 FAILED)[39m (0 secs / 2.307 secs)
[1A[2KChrome Headless 148.0.0.0 (Windows 10): Executed 185 of 216[31m (14 FAILED)[39m (0 secs / 2.308 secs)
[1A[2KChrome Headless 148.0.0.0 (Windows 10): Executed 186 of 216[31m (14 FAILED)[39m (0 secs / 2.309 secs)
[1A[2KChrome Headless 148.0.0.0 (Windows 10): Executed 187 of 216[31m (14 FAILED)[39m (0 secs / 2.391 secs)
[1A[2KChrome Headless 148.0.0.0 (Windows 10): Executed 188 of 216[31m (14 FAILED)[39m (0 secs / 2.457 secs)
[1A[2KChrome Headless 148.0.0.0 (Windows 10): Executed 189 of 216[31m (14 FAILED)[39m (0 secs / 2.514 secs)
[1A[2KChrome Headless 148.0.0.0 (Windows 10): Executed 190 of 216[31m (14 FAILED)[39m (0 secs / 2.564 secs)
[1A[2KChrome Headless 148.0.0.0 (Windows 10): Executed 191 of 216[31m (14 FAILED)[39m (0 secs / 2.566 secs)
[1A[2KChrome Headless 148.0.0.0 (Windows 10): Executed 192 of 216[31m (14 FAILED)[39m (0 secs / 2.568 secs)
[1A[2KChrome Headless 148.0.0.0 (Windows 10): Executed 193 of 216[31m (14 FAILED)[39m (0 secs / 2.569 secs)
[1A[2KChrome Headless 148.0.0.0 (Windows 10): Executed 194 of 216[31m (14 FAILED)[39m (0 secs / 2.57 secs)
[1A[2KChrome Headless 148.0.0.0 (Windows 10): Executed 195 of 216[31m (14 FAILED)[39m (0 secs / 2.571 secs)
[1A[2K[31mChrome Headless 148.0.0.0 (Windows 10) DistributionChartComponent should create FAILED[39m
	╔ÁNotFound: NG0201: No provider found for `Store`. Source: DynamicTestModule. Find more at https://v21.angular.dev/errors/NG0201
	error properties: Object({ code: -201, ngErrorCode: -201, ngErrorMessage: 'No provider found for `Store`.', ngTokenPath: [ 'Store' ] })
	╔ÁNotFound: NG0201: No provider found for `Store`. Source: DynamicTestModule. Find more at https://v21.angular.dev/errors/NG0201
	    at createRuntimeError (node_modules/@angular/core/fesm2022/_effect-chunk2.mjs:602:17)
	    at NullInjector.get (node_modules/@angular/core/fesm2022/_effect-chunk2.mjs:883:21)
	    at R3Injector.call (node_modules/@angular/core/fesm2022/_effect-chunk2.mjs:1208:27)
	    at R3Injector.apply (node_modules/ng-mocks/index.mjs:1:129318)
	    at R3Injector.get (node_modules/ng-mocks/index.mjs:1:10460)
	    at R3Injector.call (node_modules/@angular/core/fesm2022/_effect-chunk2.mjs:1208:27)
	    at R3Injector.apply (node_modules/ng-mocks/index.mjs:1:129318)
	    at R3Injector.get (node_modules/ng-mocks/index.mjs:1:10460)
	    at ChainedInjector.get (node_modules/@angular/core/fesm2022/_debug_node-chunk.mjs:7762:32)
	    at lookupTokenUsingModuleInjector (node_modules/@angular/core/fesm2022/_debug_node-chunk.mjs:890:31)
Chrome Headless 148.0.0.0 (Windows 10): Executed 196 of 216[31m (15 FAILED)[39m (0 secs / 2.616 secs)
[1A[2KChrome Headless 148.0.0.0 (Windows 10): Executed 197 of 216[31m (15 FAILED)[39m (0 secs / 2.62 secs)
[1A[2KChrome Headless 148.0.0.0 (Windows 10): Executed 198 of 216[31m (15 FAILED)[39m (0 secs / 2.622 secs)
[1A[2KChrome Headless 148.0.0.0 (Windows 10): Executed 199 of 216[31m (15 FAILED)[39m (0 secs / 2.623 secs)
[1A[2KChrome Headless 148.0.0.0 (Windows 10): Executed 200 of 216[31m (15 FAILED)[39m (0 secs / 2.624 secs)
[1A[2KChrome Headless 148.0.0.0 (Windows 10): Executed 201 of 216[31m (15 FAILED)[39m (0 secs / 2.625 secs)
[1A[2KChrome Headless 148.0.0.0 (Windows 10): Executed 202 of 216[31m (15 FAILED)[39m (0 secs / 2.626 secs)
[1A[2K[31mChrome Headless 148.0.0.0 (Windows 10) RevisionService should get summary FAILED[39m
	Error: Expected one matching request for criteria "Match URL: /api/revisoes/summary", found none. Requests received are: GET /api/revisoes/resumo.
	    at HttpClientTestingBackend.expectOne (node_modules/@angular/common/fesm2022/http-testing.mjs:196:13)
	    at UserContext.apply (src/app/core/services/revision.service.spec.ts:27:26)
	    at _ZoneDelegate.invoke (node_modules/zone.js/fesm2015/zone.js:358:158)
	    at _ProxyZoneSpec.onInvoke (node_modules/zone.js/fesm2015/zone-testing.js:956:33)
	    at _ZoneDelegate.invoke (node_modules/zone.js/fesm2015/zone.js:358:46)
	    at _ZoneImpl.run (node_modules/zone.js/fesm2015/zone.js:127:35)
	    at runInTestZone (node_modules/zone.js/fesm2015/zone-testing.js:192:30)
	    at UserContext.<anonymous> (node_modules/zone.js/fesm2015/zone-testing.js:199:16)
	    at <Jasmine>
	Error: Expected no open requests, found 1: GET /api/revisoes/resumo
	    at HttpClientTestingBackend.verify (node_modules/@angular/common/fesm2022/http-testing.mjs:214:13)
	    at UserContext.apply (src/app/core/services/revision.service.spec.ts:19:14)
	    at _ZoneDelegate.invoke (node_modules/zone.js/fesm2015/zone.js:358:158)
	    at _ProxyZoneSpec.onInvoke (node_modules/zone.js/fesm2015/zone-testing.js:956:33)
	    at _ZoneDelegate.invoke (node_modules/zone.js/fesm2015/zone.js:358:46)
	    at _ZoneImpl.run (node_modules/zone.js/fesm2015/zone.js:127:35)
	    at runInTestZone (node_modules/zone.js/fesm2015/zone-testing.js:192:30)
	    at UserContext.<anonymous> (node_modules/zone.js/fesm2015/zone-testing.js:199:16)
	    at <Jasmine>
Chrome Headless 148.0.0.0 (Windows 10): Executed 203 of 216[31m (16 FAILED)[39m (0 secs / 2.628 secs)
[1A[2KChrome Headless 148.0.0.0 (Windows 10): Executed 204 of 216[31m (16 FAILED)[39m (0 secs / 2.655 secs)
[1A[2KChrome Headless 148.0.0.0 (Windows 10): Executed 205 of 216[31m (16 FAILED)[39m (0 secs / 2.674 secs)
[1A[2KChrome Headless 148.0.0.0 (Windows 10): Executed 206 of 216[31m (16 FAILED)[39m (0 secs / 2.696 secs)
[1A[2KChrome Headless 148.0.0.0 (Windows 10): Executed 207 of 216[31m (16 FAILED)[39m (0 secs / 2.696 secs)
[1A[2KChrome Headless 148.0.0.0 (Windows 10): Executed 208 of 216[31m (16 FAILED)[39m (0 secs / 2.696 secs)
[1A[2KChrome Headless 148.0.0.0 (Windows 10): Executed 209 of 216[31m (16 FAILED)[39m (0 secs / 2.696 secs)
[1A[2KChrome Headless 148.0.0.0 (Windows 10): Executed 210 of 216[31m (16 FAILED)[39m (0 secs / 2.697 secs)
[1A[2KChrome Headless 148.0.0.0 (Windows 10): Executed 211 of 216[31m (16 FAILED)[39m (0 secs / 2.698 secs)
[1A[2KChrome Headless 148.0.0.0 (Windows 10): Executed 212 of 216[31m (16 FAILED)[39m (0 secs / 2.7 secs)
[1A[2KChrome Headless 148.0.0.0 (Windows 10): Executed 213 of 216[31m (16 FAILED)[39m (0 secs / 2.701 secs)
[1A[2KChrome Headless 148.0.0.0 (Windows 10): Executed 214 of 216[31m (16 FAILED)[39m (0 secs / 2.702 secs)
[1A[2KChrome Headless 148.0.0.0 (Windows 10): Executed 215 of 216[31m (16 FAILED)[39m (0 secs / 2.703 secs)
[1A[2KChrome Headless 148.0.0.0 (Windows 10): Executed 216 of 216[31m (16 FAILED)[39m (0 secs / 2.704 secs)
[1A[2KChrome Headless 148.0.0.0 (Windows 10): Executed 216 of 216[31m (16 FAILED)[39m (2.938 secs / 2.704 secs)
[31mTOTAL: 16 FAILED, 200 SUCCESS[39m
