[INFO] Scanning for projects...
[INFO] 
[INFO] ------------------------< com.medstudy:backend >------------------------
[INFO] Building backend 0.0.1-SNAPSHOT
[INFO]   from pom.xml
[INFO] --------------------------------[ jar ]---------------------------------
[INFO] 
[INFO] --- jacoco:0.8.12:prepare-agent (prepare-agent) @ backend ---
[INFO] argLine set to -javaagent:C:\\Users\\PC\\.m2\\repository\\org\\jacoco\\org.jacoco.agent\\0.8.12\\org.jacoco.agent-0.8.12-runtime.jar=destfile=C:\\Users\\PC\\Documents\\GitHub\\MedStudy\\backend\\target\\jacoco.exec
[INFO] 
[INFO] --- resources:3.3.1:resources (default-resources) @ backend ---
[INFO] Copying 4 resources from src\main\resources to target\classes
[INFO] Copying 22 resources from src\main\resources to target\classes
[INFO] 
[INFO] --- compiler:3.14.1:compile (default-compile) @ backend ---
[INFO] Recompiling the module because of changed source code.
[INFO] Compiling 142 source files with javac [debug parameters release 21] to target\classes
[INFO] /C:/Users/PC/Documents/GitHub/MedStudy/backend/src/main/java/com/medstudy/backend/core/config/RateLimitInterceptor.java: Some input files use or override a deprecated API.
[INFO] /C:/Users/PC/Documents/GitHub/MedStudy/backend/src/main/java/com/medstudy/backend/core/config/RateLimitInterceptor.java: Recompile with -Xlint:deprecation for details.
[INFO] -------------------------------------------------------------
[WARNING] COMPILATION WARNING : 
[INFO] -------------------------------------------------------------
[WARNING] /C:/Users/PC/Documents/GitHub/MedStudy/backend/src/main/java/com/medstudy/backend/modules/flashcard/entity/Flashcard.java:[59,21] @Builder will ignore the initializing expression entirely. If you want the initializing expression to serve as default, add @Builder.Default. If it is not supposed to be settable during building, make the field final.
[WARNING] /C:/Users/PC/Documents/GitHub/MedStudy/backend/src/main/java/com/medstudy/backend/modules/sessao/mapper/StudySessionMapper.java:[12,26] Unmapped target property: "newlyEarnedBadges".
[WARNING] /C:/Users/PC/Documents/GitHub/MedStudy/backend/src/main/java/com/medstudy/backend/modules/sessao/mapper/StudySessionMapper.java:[21,18] Unmapped target properties: "performance, urgente".
[WARNING] /C:/Users/PC/Documents/GitHub/MedStudy/backend/src/main/java/com/medstudy/backend/modules/simulado/mapper/SimuladoMapper.java:[12,22] Unmapped target property: "newlyEarnedBadges".
[WARNING] /C:/Users/PC/Documents/GitHub/MedStudy/backend/src/main/java/com/medstudy/backend/modules/simulado/mapper/SimuladoMapper.java:[21,14] Unmapped target properties: "aproveitamento, scoreTotal".
[WARNING] /C:/Users/PC/Documents/GitHub/MedStudy/backend/src/main/java/com/medstudy/backend/modules/profile/mapper/ProfileMapper.java:[13,16] Unmapped target properties: "streak, totalQuestions, badges, isPrivate, friendshipStatus, isRequester".
[INFO] 6 warnings 
[INFO] -------------------------------------------------------------
[INFO] -------------------------------------------------------------
[ERROR] COMPILATION ERROR : 
[INFO] -------------------------------------------------------------
[ERROR] /C:/Users/PC/Documents/GitHub/MedStudy/backend/src/main/java/com/medstudy/backend/core/export/controller/ExportController.java:[37,34] cannot find symbol
  symbol:   method title()
  location: variable request of type com.medstudy.backend.core.export.dto.PdfExportRequest
[ERROR] /C:/Users/PC/Documents/GitHub/MedStudy/backend/src/main/java/com/medstudy/backend/core/export/controller/ExportController.java:[38,35] cannot find symbol
  symbol:   method charts()
  location: variable request of type com.medstudy.backend.core.export.dto.PdfExportRequest
[ERROR] /C:/Users/PC/Documents/GitHub/MedStudy/backend/src/main/java/com/medstudy/backend/core/export/controller/ExportController.java:[43,40] cannot find symbol
  symbol:   method areaAnalytics()
  location: variable dashboardData of type com.medstudy.backend.modules.dashboard.dto.DashboardResponse
[ERROR] /C:/Users/PC/Documents/GitHub/MedStudy/backend/src/main/java/com/medstudy/backend/core/export/controller/ExportController.java:[44,44] cannot find symbol
  symbol:   method topErrors()
  location: variable dashboardData of type com.medstudy.backend.modules.dashboard.dto.DashboardResponse
[ERROR] /C:/Users/PC/Documents/GitHub/MedStudy/backend/src/main/java/com/medstudy/backend/core/export/controller/ExportController.java:[76,26] cannot find symbol
  symbol:   method dataSessao()
  location: variable s of type com.medstudy.backend.modules.sessao.dto.StudySessionResponse
[ERROR] /C:/Users/PC/Documents/GitHub/MedStudy/backend/src/main/java/com/medstudy/backend/core/export/controller/ExportController.java:[77,26] cannot find symbol
  symbol:   method grandeArea()
  location: variable s of type com.medstudy.backend.modules.sessao.dto.StudySessionResponse
[ERROR] /C:/Users/PC/Documents/GitHub/MedStudy/backend/src/main/java/com/medstudy/backend/core/export/controller/ExportController.java:[78,26] cannot find symbol
  symbol:   method tema()
  location: variable s of type com.medstudy.backend.modules.sessao.dto.StudySessionResponse
[ERROR] /C:/Users/PC/Documents/GitHub/MedStudy/backend/src/main/java/com/medstudy/backend/core/export/controller/ExportController.java:[79,41] cannot find symbol
  symbol:   method qtsFeitas()
  location: variable s of type com.medstudy.backend.modules.sessao.dto.StudySessionResponse
[ERROR] /C:/Users/PC/Documents/GitHub/MedStudy/backend/src/main/java/com/medstudy/backend/core/export/controller/ExportController.java:[80,41] cannot find symbol
  symbol:   method qtsCorretas()
  location: variable s of type com.medstudy.backend.modules.sessao.dto.StudySessionResponse
[ERROR] /C:/Users/PC/Documents/GitHub/MedStudy/backend/src/main/java/com/medstudy/backend/core/export/controller/ExportController.java:[81,48] cannot find symbol
  symbol:   method qtsFeitas()
  location: variable s of type com.medstudy.backend.modules.sessao.dto.StudySessionResponse
[ERROR] /C:/Users/PC/Documents/GitHub/MedStudy/backend/src/main/java/com/medstudy/backend/core/export/controller/ExportController.java:[81,77] cannot find symbol
  symbol:   method qtsCorretas()
  location: variable s of type com.medstudy.backend.modules.sessao.dto.StudySessionResponse
[ERROR] /C:/Users/PC/Documents/GitHub/MedStudy/backend/src/main/java/com/medstudy/backend/core/export/controller/ExportController.java:[81,95] cannot find symbol
  symbol:   method qtsFeitas()
  location: variable s of type com.medstudy.backend.modules.sessao.dto.StudySessionResponse
[ERROR] /C:/Users/PC/Documents/GitHub/MedStudy/backend/src/main/java/com/medstudy/backend/core/export/controller/ExportController.java:[82,26] cannot find symbol
  symbol:   method instituicao()
  location: variable s of type com.medstudy.backend.modules.sessao.dto.StudySessionResponse
[ERROR] /C:/Users/PC/Documents/GitHub/MedStudy/backend/src/main/java/com/medstudy/backend/core/export/controller/ExportController.java:[83,26] cannot find symbol
  symbol:   method observacoes()
  location: variable s of type com.medstudy.backend.modules.sessao.dto.StudySessionResponse
[ERROR] /C:/Users/PC/Documents/GitHub/MedStudy/backend/src/main/java/com/medstudy/backend/modules/sessao/service/StudySessionService.java:[143,36] cannot find symbol
  symbol:   method qtsFeitas()
  location: variable request of type com.medstudy.backend.modules.sessao.dto.StudySessionRequest
[ERROR] /C:/Users/PC/Documents/GitHub/MedStudy/backend/src/main/java/com/medstudy/backend/modules/sessao/service/StudySessionService.java:[143,71] cannot find symbol
  symbol:   method qtsCorretas()
  location: variable request of type com.medstudy.backend.modules.sessao.dto.StudySessionRequest
[ERROR] /C:/Users/PC/Documents/GitHub/MedStudy/backend/src/main/java/com/medstudy/backend/modules/sessao/service/StudySessionService.java:[143,95] cannot find symbol
  symbol:   method qtsFeitas()
  location: variable request of type com.medstudy.backend.modules.sessao.dto.StudySessionRequest
[ERROR] /C:/Users/PC/Documents/GitHub/MedStudy/backend/src/main/java/com/medstudy/backend/modules/sessao/service/StudySessionService.java:[145,20] cannot find symbol
  symbol:   method dataProximaRevisao()
  location: variable request of type com.medstudy.backend.modules.sessao.dto.StudySessionRequest
[ERROR] /C:/Users/PC/Documents/GitHub/MedStudy/backend/src/main/java/com/medstudy/backend/modules/sessao/service/StudySessionService.java:[146,49] cannot find symbol
  symbol:   method dataProximaRevisao()
  location: variable request of type com.medstudy.backend.modules.sessao.dto.StudySessionRequest
[ERROR] /C:/Users/PC/Documents/GitHub/MedStudy/backend/src/main/java/com/medstudy/backend/modules/sessao/service/StudySessionService.java:[148,83] cannot find symbol
  symbol:   method dataSessao()
  location: variable request of type com.medstudy.backend.modules.sessao.dto.StudySessionRequest
[ERROR] /C:/Users/PC/Documents/GitHub/MedStudy/backend/src/main/java/com/medstudy/backend/modules/sessao/service/StudySessionService.java:[148,183] cannot find symbol
  symbol:   method tema()
  location: variable request of type com.medstudy.backend.modules.sessao.dto.StudySessionRequest
[ERROR] /C:/Users/PC/Documents/GitHub/MedStudy/backend/src/main/java/com/medstudy/backend/modules/sessao/service/StudySessionService.java:[156,64] cannot find symbol
  symbol:   method tema()
  location: variable request of type com.medstudy.backend.modules.sessao.dto.StudySessionRequest
[ERROR] /C:/Users/PC/Documents/GitHub/MedStudy/backend/src/main/java/com/medstudy/backend/modules/sessao/service/StudySessionService.java:[207,37] cannot find symbol
  symbol:   method grandeArea()
  location: variable request of type com.medstudy.backend.modules.sessao.dto.StudySessionRequest
[ERROR] /C:/Users/PC/Documents/GitHub/MedStudy/backend/src/main/java/com/medstudy/backend/modules/sessao/service/StudySessionService.java:[208,31] cannot find symbol
  symbol:   method tema()
  location: variable request of type com.medstudy.backend.modules.sessao.dto.StudySessionRequest
[ERROR] /C:/Users/PC/Documents/GitHub/MedStudy/backend/src/main/java/com/medstudy/backend/modules/sessao/service/StudySessionService.java:[209,37] cannot find symbol
  symbol:   method dataSessao()
  location: variable request of type com.medstudy.backend.modules.sessao.dto.StudySessionRequest
[ERROR] /C:/Users/PC/Documents/GitHub/MedStudy/backend/src/main/java/com/medstudy/backend/modules/sessao/service/StudySessionService.java:[210,36] cannot find symbol
  symbol:   method qtsFeitas()
  location: variable request of type com.medstudy.backend.modules.sessao.dto.StudySessionRequest
[ERROR] /C:/Users/PC/Documents/GitHub/MedStudy/backend/src/main/java/com/medstudy/backend/modules/sessao/service/StudySessionService.java:[211,38] cannot find symbol
  symbol:   method qtsCorretas()
  location: variable request of type com.medstudy.backend.modules.sessao.dto.StudySessionRequest
[ERROR] /C:/Users/PC/Documents/GitHub/MedStudy/backend/src/main/java/com/medstudy/backend/modules/sessao/service/StudySessionService.java:[212,38] cannot find symbol
  symbol:   method instituicao()
  location: variable request of type com.medstudy.backend.modules.sessao.dto.StudySessionRequest
[ERROR] /C:/Users/PC/Documents/GitHub/MedStudy/backend/src/main/java/com/medstudy/backend/modules/sessao/service/StudySessionService.java:[213,38] cannot find symbol
  symbol:   method observacoes()
  location: variable request of type com.medstudy.backend.modules.sessao.dto.StudySessionRequest
[ERROR] /C:/Users/PC/Documents/GitHub/MedStudy/backend/src/main/java/com/medstudy/backend/modules/sessao/service/StudySessionService.java:[214,43] cannot find symbol
  symbol:   method revisaoConcluida()
  location: variable request of type com.medstudy.backend.modules.sessao.dto.StudySessionRequest
[ERROR] /C:/Users/PC/Documents/GitHub/MedStudy/backend/src/main/java/com/medstudy/backend/modules/sessao/service/StudySessionService.java:[217,36] cannot find symbol
  symbol:   method qtsFeitas()
  location: variable request of type com.medstudy.backend.modules.sessao.dto.StudySessionRequest
[ERROR] /C:/Users/PC/Documents/GitHub/MedStudy/backend/src/main/java/com/medstudy/backend/modules/sessao/service/StudySessionService.java:[217,71] cannot find symbol
  symbol:   method qtsCorretas()
  location: variable request of type com.medstudy.backend.modules.sessao.dto.StudySessionRequest
[ERROR] /C:/Users/PC/Documents/GitHub/MedStudy/backend/src/main/java/com/medstudy/backend/modules/sessao/service/StudySessionService.java:[217,95] cannot find symbol
  symbol:   method qtsFeitas()
  location: variable request of type com.medstudy.backend.modules.sessao.dto.StudySessionRequest
[ERROR] /C:/Users/PC/Documents/GitHub/MedStudy/backend/src/main/java/com/medstudy/backend/modules/sessao/service/StudySessionService.java:[219,20] cannot find symbol
  symbol:   method dataProximaRevisao()
  location: variable request of type com.medstudy.backend.modules.sessao.dto.StudySessionRequest
[ERROR] /C:/Users/PC/Documents/GitHub/MedStudy/backend/src/main/java/com/medstudy/backend/modules/sessao/service/StudySessionService.java:[220,49] cannot find symbol
  symbol:   method dataProximaRevisao()
  location: variable request of type com.medstudy.backend.modules.sessao.dto.StudySessionRequest
[ERROR] /C:/Users/PC/Documents/GitHub/MedStudy/backend/src/main/java/com/medstudy/backend/modules/sessao/service/StudySessionService.java:[222,83] cannot find symbol
  symbol:   method dataSessao()
  location: variable request of type com.medstudy.backend.modules.sessao.dto.StudySessionRequest
[ERROR] /C:/Users/PC/Documents/GitHub/MedStudy/backend/src/main/java/com/medstudy/backend/modules/sessao/service/StudySessionService.java:[222,183] cannot find symbol
  symbol:   method tema()
  location: variable request of type com.medstudy.backend.modules.sessao.dto.StudySessionRequest
[ERROR] /C:/Users/PC/Documents/GitHub/MedStudy/backend/src/main/java/com/medstudy/backend/modules/sessao/service/StudySessionService.java:[272,20] cannot find symbol
  symbol:   method qtsCorretas()
  location: variable request of type com.medstudy.backend.modules.sessao.dto.StudySessionRequest
[ERROR] /C:/Users/PC/Documents/GitHub/MedStudy/backend/src/main/java/com/medstudy/backend/modules/sessao/service/StudySessionService.java:[272,44] cannot find symbol
  symbol:   method qtsFeitas()
  location: variable request of type com.medstudy.backend.modules.sessao.dto.StudySessionRequest
[ERROR] /C:/Users/PC/Documents/GitHub/MedStudy/backend/src/main/java/com/medstudy/backend/modules/dashboard/service/DashboardService.java:[93,49] invalid method reference
  cannot find symbol
    symbol:   method accuracy()
    location: class com.medstudy.backend.modules.analytics.dto.AreaAnalyticsResponse
[ERROR] /C:/Users/PC/Documents/GitHub/MedStudy/backend/src/main/java/com/medstudy/backend/modules/dashboard/service/DashboardService.java:[94,22] invalid method reference
  cannot find symbol
    symbol:   method grandeArea()
    location: class com.medstudy.backend.modules.analytics.dto.AreaAnalyticsResponse
[ERROR] /C:/Users/PC/Documents/GitHub/MedStudy/backend/src/main/java/com/medstudy/backend/modules/dashboard/service/DashboardService.java:[97,49] invalid method reference
  cannot find symbol
    symbol:   method accuracy()
    location: class com.medstudy.backend.modules.analytics.dto.AreaAnalyticsResponse
[ERROR] /C:/Users/PC/Documents/GitHub/MedStudy/backend/src/main/java/com/medstudy/backend/modules/dashboard/service/DashboardService.java:[98,22] invalid method reference
  cannot find symbol
    symbol:   method grandeArea()
    location: class com.medstudy.backend.modules.analytics.dto.AreaAnalyticsResponse
[ERROR] /C:/Users/PC/Documents/GitHub/MedStudy/backend/src/main/java/com/medstudy/backend/modules/competition/service/CompetitionService.java:[82,20] cannot find symbol
  symbol:   method title()
  location: variable request of type com.medstudy.backend.modules.competition.dto.CompetitionRequestDTO
[ERROR] /C:/Users/PC/Documents/GitHub/MedStudy/backend/src/main/java/com/medstudy/backend/modules/competition/service/CompetitionService.java:[82,47] cannot find symbol
  symbol:   method title()
  location: variable request of type com.medstudy.backend.modules.competition.dto.CompetitionRequestDTO
[ERROR] /C:/Users/PC/Documents/GitHub/MedStudy/backend/src/main/java/com/medstudy/backend/modules/competition/service/CompetitionService.java:[85,20] cannot find symbol
  symbol:   method startDate()
  location: variable request of type com.medstudy.backend.modules.competition.dto.CompetitionRequestDTO
[ERROR] /C:/Users/PC/Documents/GitHub/MedStudy/backend/src/main/java/com/medstudy/backend/modules/competition/service/CompetitionService.java:[85,51] cannot find symbol
  symbol:   method endDate()
  location: variable request of type com.medstudy.backend.modules.competition.dto.CompetitionRequestDTO
[ERROR] /C:/Users/PC/Documents/GitHub/MedStudy/backend/src/main/java/com/medstudy/backend/modules/competition/service/CompetitionService.java:[88,20] cannot find symbol
  symbol:   method startDate()
  location: variable request of type com.medstudy.backend.modules.competition.dto.CompetitionRequestDTO
[ERROR] /C:/Users/PC/Documents/GitHub/MedStudy/backend/src/main/java/com/medstudy/backend/modules/competition/service/CompetitionService.java:[88,48] cannot find symbol
  symbol:   method endDate()
  location: variable request of type com.medstudy.backend.modules.competition.dto.CompetitionRequestDTO
[ERROR] /C:/Users/PC/Documents/GitHub/MedStudy/backend/src/main/java/com/medstudy/backend/modules/competition/service/CompetitionService.java:[93,37] cannot find symbol
  symbol:   method title()
  location: variable request of type com.medstudy.backend.modules.competition.dto.CompetitionRequestDTO
[ERROR] /C:/Users/PC/Documents/GitHub/MedStudy/backend/src/main/java/com/medstudy/backend/modules/competition/service/CompetitionService.java:[95,47] cannot find symbol
  symbol:   method competitionType()
  location: variable request of type com.medstudy.backend.modules.competition.dto.CompetitionRequestDTO
[ERROR] /C:/Users/PC/Documents/GitHub/MedStudy/backend/src/main/java/com/medstudy/backend/modules/competition/service/CompetitionService.java:[96,42] cannot find symbol
  symbol:   method metricType()
  location: variable request of type com.medstudy.backend.modules.competition.dto.CompetitionRequestDTO
[ERROR] /C:/Users/PC/Documents/GitHub/MedStudy/backend/src/main/java/com/medstudy/backend/modules/competition/service/CompetitionService.java:[97,43] cannot find symbol
  symbol:   method targetValue()
  location: variable request of type com.medstudy.backend.modules.competition.dto.CompetitionRequestDTO
[ERROR] /C:/Users/PC/Documents/GitHub/MedStudy/backend/src/main/java/com/medstudy/backend/modules/competition/service/CompetitionService.java:[98,41] cannot find symbol
  symbol:   method startDate()
  location: variable request of type com.medstudy.backend.modules.competition.dto.CompetitionRequestDTO
[ERROR] /C:/Users/PC/Documents/GitHub/MedStudy/backend/src/main/java/com/medstudy/backend/modules/competition/service/CompetitionService.java:[99,39] cannot find symbol
  symbol:   method endDate()
  location: variable request of type com.medstudy.backend.modules.competition.dto.CompetitionRequestDTO
[ERROR] /C:/Users/PC/Documents/GitHub/MedStudy/backend/src/main/java/com/medstudy/backend/modules/competition/service/CompetitionService.java:[102,20] cannot find symbol
  symbol:   method startDate()
  location: variable request of type com.medstudy.backend.modules.competition.dto.CompetitionRequestDTO
[ERROR] /C:/Users/PC/Documents/GitHub/MedStudy/backend/src/main/java/com/medstudy/backend/modules/competition/service/CompetitionService.java:[104,27] cannot find symbol
  symbol:   method endDate()
  location: variable request of type com.medstudy.backend.modules.competition.dto.CompetitionRequestDTO
[ERROR] /C:/Users/PC/Documents/GitHub/MedStudy/backend/src/main/java/com/medstudy/backend/modules/competition/service/CompetitionService.java:[123,20] cannot find symbol
  symbol:   method invitedFriendIds()
  location: variable request of type com.medstudy.backend.modules.competition.dto.CompetitionRequestDTO
[ERROR] /C:/Users/PC/Documents/GitHub/MedStudy/backend/src/main/java/com/medstudy/backend/modules/competition/service/CompetitionService.java:[124,41] cannot find symbol
  symbol:   method invitedFriendIds()
  location: variable request of type com.medstudy.backend.modules.competition.dto.CompetitionRequestDTO
[ERROR] /C:/Users/PC/Documents/GitHub/MedStudy/backend/src/main/java/com/medstudy/backend/modules/competition/service/CompetitionService.java:[223,43] invalid method reference
  cannot find symbol
    symbol:   method score()
    location: class com.medstudy.backend.modules.competition.dto.LeaderboardEntryDTO
[ERROR] /C:/Users/PC/Documents/GitHub/MedStudy/backend/src/main/java/com/medstudy/backend/modules/competition/service/CompetitionService.java:[230,26] cannot find symbol
  symbol:   method userId()
  location: variable entry of type com.medstudy.backend.modules.competition.dto.LeaderboardEntryDTO
[ERROR] /C:/Users/PC/Documents/GitHub/MedStudy/backend/src/main/java/com/medstudy/backend/modules/competition/service/CompetitionService.java:[231,26] cannot find symbol
  symbol:   method name()
  location: variable entry of type com.medstudy.backend.modules.competition.dto.LeaderboardEntryDTO
[ERROR] /C:/Users/PC/Documents/GitHub/MedStudy/backend/src/main/java/com/medstudy/backend/modules/competition/service/CompetitionService.java:[232,26] cannot find symbol
  symbol:   method handle()
  location: variable entry of type com.medstudy.backend.modules.competition.dto.LeaderboardEntryDTO
[ERROR] /C:/Users/PC/Documents/GitHub/MedStudy/backend/src/main/java/com/medstudy/backend/modules/competition/service/CompetitionService.java:[233,26] cannot find symbol
  symbol:   method avatarPresetId()
  location: variable entry of type com.medstudy.backend.modules.competition.dto.LeaderboardEntryDTO
[ERROR] /C:/Users/PC/Documents/GitHub/MedStudy/backend/src/main/java/com/medstudy/backend/modules/competition/service/CompetitionService.java:[234,26] cannot find symbol
  symbol:   method score()
  location: variable entry of type com.medstudy.backend.modules.competition.dto.LeaderboardEntryDTO
[ERROR] /C:/Users/PC/Documents/GitHub/MedStudy/backend/src/main/java/com/medstudy/backend/modules/competition/service/CompetitionService.java:[253,43] cannot find symbol
  symbol:   method score()
  location: variable topEntry of type com.medstudy.backend.modules.competition.dto.LeaderboardEntryDTO
[ERROR] /C:/Users/PC/Documents/GitHub/MedStudy/backend/src/main/java/com/medstudy/backend/modules/competition/service/CompetitionService.java:[258,63] cannot find symbol
  symbol:   method userId()
  location: variable topEntry of type com.medstudy.backend.modules.competition.dto.LeaderboardEntryDTO
[ERROR] /C:/Users/PC/Documents/GitHub/MedStudy/backend/src/main/java/com/medstudy/backend/modules/competition/service/CompetitionService.java:[265,64] cannot find symbol
  symbol:   method userId()
  location: variable topEntry of type com.medstudy.backend.modules.competition.dto.LeaderboardEntryDTO
[ERROR] /C:/Users/PC/Documents/GitHub/MedStudy/backend/src/main/java/com/medstudy/backend/modules/aula/service/LessonService.java:[78,37] cannot find symbol
  symbol:   method grandeArea()
  location: variable request of type com.medstudy.backend.modules.aula.dto.LessonRequest
[ERROR] /C:/Users/PC/Documents/GitHub/MedStudy/backend/src/main/java/com/medstudy/backend/modules/aula/service/LessonService.java:[79,34] cannot find symbol
  symbol:   method subArea()
  location: variable request of type com.medstudy.backend.modules.aula.dto.LessonRequest
[ERROR] /C:/Users/PC/Documents/GitHub/MedStudy/backend/src/main/java/com/medstudy/backend/modules/aula/service/LessonService.java:[80,31] cannot find symbol
  symbol:   method tema()
  location: variable request of type com.medstudy.backend.modules.aula.dto.LessonRequest
[ERROR] /C:/Users/PC/Documents/GitHub/MedStudy/backend/src/main/java/com/medstudy/backend/modules/aula/service/LessonService.java:[81,37] cannot find symbol
  symbol:   method prioridade()
  location: variable request of type com.medstudy.backend.modules.aula.dto.LessonRequest
[ERROR] /C:/Users/PC/Documents/GitHub/MedStudy/backend/src/main/java/com/medstudy/backend/modules/aula/service/LessonService.java:[83,20] cannot find symbol
  symbol:   method aulaAssistida()
  location: variable request of type com.medstudy.backend.modules.aula.dto.LessonRequest
[ERROR] /C:/Users/PC/Documents/GitHub/MedStudy/backend/src/main/java/com/medstudy/backend/modules/aula/service/LessonService.java:[83,77] cannot find symbol
  symbol:   method aulaAssistida()
  location: variable request of type com.medstudy.backend.modules.aula.dto.LessonRequest
[ERROR] /C:/Users/PC/Documents/GitHub/MedStudy/backend/src/main/java/com/medstudy/backend/modules/aula/service/LessonService.java:[84,20] cannot find symbol
  symbol:   method dataAula()
  location: variable request of type com.medstudy.backend.modules.aula.dto.LessonRequest
[ERROR] /C:/Users/PC/Documents/GitHub/MedStudy/backend/src/main/java/com/medstudy/backend/modules/aula/service/LessonService.java:[84,67] cannot find symbol
  symbol:   method dataAula()
  location: variable request of type com.medstudy.backend.modules.aula.dto.LessonRequest
[ERROR] /C:/Users/PC/Documents/GitHub/MedStudy/backend/src/main/java/com/medstudy/backend/modules/aula/service/LessonService.java:[85,20] cannot find symbol
  symbol:   method percentAcerto()
  location: variable request of type com.medstudy.backend.modules.aula.dto.LessonRequest
[ERROR] /C:/Users/PC/Documents/GitHub/MedStudy/backend/src/main/java/com/medstudy/backend/modules/aula/service/LessonService.java:[85,77] cannot find symbol
  symbol:   method percentAcerto()
  location: variable request of type com.medstudy.backend.modules.aula.dto.LessonRequest
[ERROR] /C:/Users/PC/Documents/GitHub/MedStudy/backend/src/main/java/com/medstudy/backend/modules/aula/service/LessonService.java:[86,20] cannot find symbol
  symbol:   method reforco()
  location: variable request of type com.medstudy.backend.modules.aula.dto.LessonRequest
[ERROR] /C:/Users/PC/Documents/GitHub/MedStudy/backend/src/main/java/com/medstudy/backend/modules/aula/service/LessonService.java:[86,65] cannot find symbol
  symbol:   method reforco()
  location: variable request of type com.medstudy.backend.modules.aula.dto.LessonRequest
[ERROR] /C:/Users/PC/Documents/GitHub/MedStudy/backend/src/main/java/com/medstudy/backend/modules/aula/service/LessonService.java:[87,20] cannot find symbol
  symbol:   method revisao()
  location: variable request of type com.medstudy.backend.modules.aula.dto.LessonRequest
[ERROR] /C:/Users/PC/Documents/GitHub/MedStudy/backend/src/main/java/com/medstudy/backend/modules/aula/service/LessonService.java:[87,65] cannot find symbol
  symbol:   method revisao()
  location: variable request of type com.medstudy.backend.modules.aula.dto.LessonRequest
[ERROR] /C:/Users/PC/Documents/GitHub/MedStudy/backend/src/main/java/com/medstudy/backend/modules/auth/controller/AuthController.java:[70,35] cannot find symbol
  symbol:   method refreshToken()
  location: variable request of type @jakarta.validation.Valid com.medstudy.backend.modules.auth.dto.TokenRefreshRequest
[ERROR] /C:/Users/PC/Documents/GitHub/MedStudy/backend/src/main/java/com/medstudy/backend/modules/auth/controller/AuthController.java:[78,29] cannot find symbol
  symbol:   method accessToken()
  location: variable authResponse of type com.medstudy.backend.modules.auth.dto.AuthResponse
[ERROR] /C:/Users/PC/Documents/GitHub/MedStudy/backend/src/main/java/com/medstudy/backend/modules/auth/controller/AuthController.java:[82,29] cannot find symbol
  symbol:   method refreshToken()
  location: variable authResponse of type com.medstudy.backend.modules.auth.dto.AuthResponse
[ERROR] /C:/Users/PC/Documents/GitHub/MedStudy/backend/src/main/java/com/medstudy/backend/modules/auth/controller/AuthController.java:[91,43] cannot find symbol
  symbol:   method email()
  location: variable request of type @jakarta.validation.Valid com.medstudy.backend.modules.auth.dto.ForgotPasswordRequest
[ERROR] /C:/Users/PC/Documents/GitHub/MedStudy/backend/src/main/java/com/medstudy/backend/modules/auth/controller/AuthController.java:[97,42] cannot find symbol
  symbol:   method token()
  location: variable request of type @jakarta.validation.Valid com.medstudy.backend.modules.auth.dto.ResetPasswordRequest
[ERROR] /C:/Users/PC/Documents/GitHub/MedStudy/backend/src/main/java/com/medstudy/backend/modules/auth/controller/AuthController.java:[97,59] cannot find symbol
  symbol:   method newPassword()
  location: variable request of type @jakarta.validation.Valid com.medstudy.backend.modules.auth.dto.ResetPasswordRequest
[ERROR] /C:/Users/PC/Documents/GitHub/MedStudy/backend/src/main/java/com/medstudy/backend/modules/auth/service/AuthService.java:[56,68] cannot find symbol
  symbol:   method email()
  location: variable request of type com.medstudy.backend.modules.auth.dto.LoginRequest
[ERROR] /C:/Users/PC/Documents/GitHub/MedStudy/backend/src/main/java/com/medstudy/backend/modules/auth/service/AuthService.java:[56,85] cannot find symbol
  symbol:   method password()
  location: variable request of type com.medstudy.backend.modules.auth.dto.LoginRequest
[ERROR] /C:/Users/PC/Documents/GitHub/MedStudy/backend/src/main/java/com/medstudy/backend/modules/auth/service/AuthService.java:[65,55] cannot find symbol
  symbol:   method email()
  location: variable request of type com.medstudy.backend.modules.auth.dto.LoginRequest
[ERROR] /C:/Users/PC/Documents/GitHub/MedStudy/backend/src/main/java/com/medstudy/backend/modules/auth/service/AuthService.java:[69,52] cannot find symbol
  symbol:   method email()
  location: variable request of type com.medstudy.backend.modules.auth.dto.LoginRequest
[ERROR] /C:/Users/PC/Documents/GitHub/MedStudy/backend/src/main/java/com/medstudy/backend/modules/auth/service/AuthService.java:[76,49] cannot find symbol
  symbol:   method email()
  location: variable request of type com.medstudy.backend.modules.auth.dto.RegisterRequest
[ERROR] /C:/Users/PC/Documents/GitHub/MedStudy/backend/src/main/java/com/medstudy/backend/modules/auth/service/AuthService.java:[81,29] cannot find symbol
  symbol:   method name()
  location: variable request of type com.medstudy.backend.modules.auth.dto.RegisterRequest
[ERROR] /C:/Users/PC/Documents/GitHub/MedStudy/backend/src/main/java/com/medstudy/backend/modules/auth/service/AuthService.java:[82,30] cannot find symbol
  symbol:   method email()
  location: variable request of type com.medstudy.backend.modules.auth.dto.RegisterRequest
[ERROR] /C:/Users/PC/Documents/GitHub/MedStudy/backend/src/main/java/com/medstudy/backend/modules/auth/service/AuthService.java:[83,56] cannot find symbol
  symbol:   method password()
  location: variable request of type com.medstudy.backend.modules.auth.dto.RegisterRequest
[ERROR] /C:/Users/PC/Documents/GitHub/MedStudy/backend/src/main/java/com/medstudy/backend/modules/auth/service/AuthService.java:[96,55] cannot find symbol
  symbol:   method refreshToken()
  location: variable request of type com.medstudy.backend.modules.auth.dto.TokenRefreshRequest
[ERROR] /C:/Users/PC/Documents/GitHub/MedStudy/backend/src/main/java/com/medstudy/backend/modules/auth/service/AuthService.java:[102,62] cannot find symbol
  symbol:   method refreshToken()
  location: variable request of type com.medstudy.backend.modules.auth.dto.TokenRefreshRequest
[ERROR] /C:/Users/PC/Documents/GitHub/MedStudy/backend/src/main/java/com/medstudy/backend/modules/flashcard/service/FlashcardService.java:[67,62] cannot find symbol
  symbol:   method flashcardId()
  location: variable request of type com.medstudy.backend.modules.flashcard.dto.FlashcardStudyRequest
[ERROR] /C:/Users/PC/Documents/GitHub/MedStudy/backend/src/main/java/com/medstudy/backend/modules/flashcard/service/FlashcardService.java:[68,59] cannot find symbol
  symbol:   method dificuldade()
  location: variable request of type com.medstudy.backend.modules.flashcard.dto.FlashcardStudyRequest
[INFO] 100 errors 
[INFO] -------------------------------------------------------------
[INFO] ------------------------------------------------------------------------
[INFO] BUILD FAILURE
[INFO] ------------------------------------------------------------------------
[INFO] Total time:  7.036 s
[INFO] Finished at: 2026-06-11T13:23:54-03:00
[INFO] ------------------------------------------------------------------------
[ERROR] Failed to execute goal org.apache.maven.plugins:maven-compiler-plugin:3.14.1:compile (default-compile) on project backend: Compilation failure: Compilation failure: 
[ERROR] /C:/Users/PC/Documents/GitHub/MedStudy/backend/src/main/java/com/medstudy/backend/core/export/controller/ExportController.java:[37,34] cannot find symbol
[ERROR]   symbol:   method title()
[ERROR]   location: variable request of type com.medstudy.backend.core.export.dto.PdfExportRequest
[ERROR] /C:/Users/PC/Documents/GitHub/MedStudy/backend/src/main/java/com/medstudy/backend/core/export/controller/ExportController.java:[38,35] cannot find symbol
[ERROR]   symbol:   method charts()
[ERROR]   location: variable request of type com.medstudy.backend.core.export.dto.PdfExportRequest
[ERROR] /C:/Users/PC/Documents/GitHub/MedStudy/backend/src/main/java/com/medstudy/backend/core/export/controller/ExportController.java:[43,40] cannot find symbol
[ERROR]   symbol:   method areaAnalytics()
[ERROR]   location: variable dashboardData of type com.medstudy.backend.modules.dashboard.dto.DashboardResponse
[ERROR] /C:/Users/PC/Documents/GitHub/MedStudy/backend/src/main/java/com/medstudy/backend/core/export/controller/ExportController.java:[44,44] cannot find symbol
[ERROR]   symbol:   method topErrors()
[ERROR]   location: variable dashboardData of type com.medstudy.backend.modules.dashboard.dto.DashboardResponse
[ERROR] /C:/Users/PC/Documents/GitHub/MedStudy/backend/src/main/java/com/medstudy/backend/core/export/controller/ExportController.java:[76,26] cannot find symbol
[ERROR]   symbol:   method dataSessao()
[ERROR]   location: variable s of type com.medstudy.backend.modules.sessao.dto.StudySessionResponse
[ERROR] /C:/Users/PC/Documents/GitHub/MedStudy/backend/src/main/java/com/medstudy/backend/core/export/controller/ExportController.java:[77,26] cannot find symbol
[ERROR]   symbol:   method grandeArea()
[ERROR]   location: variable s of type com.medstudy.backend.modules.sessao.dto.StudySessionResponse
[ERROR] /C:/Users/PC/Documents/GitHub/MedStudy/backend/src/main/java/com/medstudy/backend/core/export/controller/ExportController.java:[78,26] cannot find symbol
[ERROR]   symbol:   method tema()
[ERROR]   location: variable s of type com.medstudy.backend.modules.sessao.dto.StudySessionResponse
[ERROR] /C:/Users/PC/Documents/GitHub/MedStudy/backend/src/main/java/com/medstudy/backend/core/export/controller/ExportController.java:[79,41] cannot find symbol
[ERROR]   symbol:   method qtsFeitas()
[ERROR]   location: variable s of type com.medstudy.backend.modules.sessao.dto.StudySessionResponse
[ERROR] /C:/Users/PC/Documents/GitHub/MedStudy/backend/src/main/java/com/medstudy/backend/core/export/controller/ExportController.java:[80,41] cannot find symbol
[ERROR]   symbol:   method qtsCorretas()
[ERROR]   location: variable s of type com.medstudy.backend.modules.sessao.dto.StudySessionResponse
[ERROR] /C:/Users/PC/Documents/GitHub/MedStudy/backend/src/main/java/com/medstudy/backend/core/export/controller/ExportController.java:[81,48] cannot find symbol
[ERROR]   symbol:   method qtsFeitas()
[ERROR]   location: variable s of type com.medstudy.backend.modules.sessao.dto.StudySessionResponse
[ERROR] /C:/Users/PC/Documents/GitHub/MedStudy/backend/src/main/java/com/medstudy/backend/core/export/controller/ExportController.java:[81,77] cannot find symbol
[ERROR]   symbol:   method qtsCorretas()
[ERROR]   location: variable s of type com.medstudy.backend.modules.sessao.dto.StudySessionResponse
[ERROR] /C:/Users/PC/Documents/GitHub/MedStudy/backend/src/main/java/com/medstudy/backend/core/export/controller/ExportController.java:[81,95] cannot find symbol
[ERROR]   symbol:   method qtsFeitas()
[ERROR]   location: variable s of type com.medstudy.backend.modules.sessao.dto.StudySessionResponse
[ERROR] /C:/Users/PC/Documents/GitHub/MedStudy/backend/src/main/java/com/medstudy/backend/core/export/controller/ExportController.java:[82,26] cannot find symbol
[ERROR]   symbol:   method instituicao()
[ERROR]   location: variable s of type com.medstudy.backend.modules.sessao.dto.StudySessionResponse
[ERROR] /C:/Users/PC/Documents/GitHub/MedStudy/backend/src/main/java/com/medstudy/backend/core/export/controller/ExportController.java:[83,26] cannot find symbol
[ERROR]   symbol:   method observacoes()
[ERROR]   location: variable s of type com.medstudy.backend.modules.sessao.dto.StudySessionResponse
[ERROR] /C:/Users/PC/Documents/GitHub/MedStudy/backend/src/main/java/com/medstudy/backend/modules/sessao/service/StudySessionService.java:[143,36] cannot find symbol
[ERROR]   symbol:   method qtsFeitas()
[ERROR]   location: variable request of type com.medstudy.backend.modules.sessao.dto.StudySessionRequest
[ERROR] /C:/Users/PC/Documents/GitHub/MedStudy/backend/src/main/java/com/medstudy/backend/modules/sessao/service/StudySessionService.java:[143,71] cannot find symbol
[ERROR]   symbol:   method qtsCorretas()
[ERROR]   location: variable request of type com.medstudy.backend.modules.sessao.dto.StudySessionRequest
[ERROR] /C:/Users/PC/Documents/GitHub/MedStudy/backend/src/main/java/com/medstudy/backend/modules/sessao/service/StudySessionService.java:[143,95] cannot find symbol
[ERROR]   symbol:   method qtsFeitas()
[ERROR]   location: variable request of type com.medstudy.backend.modules.sessao.dto.StudySessionRequest
[ERROR] /C:/Users/PC/Documents/GitHub/MedStudy/backend/src/main/java/com/medstudy/backend/modules/sessao/service/StudySessionService.java:[145,20] cannot find symbol
[ERROR]   symbol:   method dataProximaRevisao()
[ERROR]   location: variable request of type com.medstudy.backend.modules.sessao.dto.StudySessionRequest
[ERROR] /C:/Users/PC/Documents/GitHub/MedStudy/backend/src/main/java/com/medstudy/backend/modules/sessao/service/StudySessionService.java:[146,49] cannot find symbol
[ERROR]   symbol:   method dataProximaRevisao()
[ERROR]   location: variable request of type com.medstudy.backend.modules.sessao.dto.StudySessionRequest
[ERROR] /C:/Users/PC/Documents/GitHub/MedStudy/backend/src/main/java/com/medstudy/backend/modules/sessao/service/StudySessionService.java:[148,83] cannot find symbol
[ERROR]   symbol:   method dataSessao()
[ERROR]   location: variable request of type com.medstudy.backend.modules.sessao.dto.StudySessionRequest
[ERROR] /C:/Users/PC/Documents/GitHub/MedStudy/backend/src/main/java/com/medstudy/backend/modules/sessao/service/StudySessionService.java:[148,183] cannot find symbol
[ERROR]   symbol:   method tema()
[ERROR]   location: variable request of type com.medstudy.backend.modules.sessao.dto.StudySessionRequest
[ERROR] /C:/Users/PC/Documents/GitHub/MedStudy/backend/src/main/java/com/medstudy/backend/modules/sessao/service/StudySessionService.java:[156,64] cannot find symbol
[ERROR]   symbol:   method tema()
[ERROR]   location: variable request of type com.medstudy.backend.modules.sessao.dto.StudySessionRequest
[ERROR] /C:/Users/PC/Documents/GitHub/MedStudy/backend/src/main/java/com/medstudy/backend/modules/sessao/service/StudySessionService.java:[207,37] cannot find symbol
[ERROR]   symbol:   method grandeArea()
[ERROR]   location: variable request of type com.medstudy.backend.modules.sessao.dto.StudySessionRequest
[ERROR] /C:/Users/PC/Documents/GitHub/MedStudy/backend/src/main/java/com/medstudy/backend/modules/sessao/service/StudySessionService.java:[208,31] cannot find symbol
[ERROR]   symbol:   method tema()
[ERROR]   location: variable request of type com.medstudy.backend.modules.sessao.dto.StudySessionRequest
[ERROR] /C:/Users/PC/Documents/GitHub/MedStudy/backend/src/main/java/com/medstudy/backend/modules/sessao/service/StudySessionService.java:[209,37] cannot find symbol
[ERROR]   symbol:   method dataSessao()
[ERROR]   location: variable request of type com.medstudy.backend.modules.sessao.dto.StudySessionRequest
[ERROR] /C:/Users/PC/Documents/GitHub/MedStudy/backend/src/main/java/com/medstudy/backend/modules/sessao/service/StudySessionService.java:[210,36] cannot find symbol
[ERROR]   symbol:   method qtsFeitas()
[ERROR]   location: variable request of type com.medstudy.backend.modules.sessao.dto.StudySessionRequest
[ERROR] /C:/Users/PC/Documents/GitHub/MedStudy/backend/src/main/java/com/medstudy/backend/modules/sessao/service/StudySessionService.java:[211,38] cannot find symbol
[ERROR]   symbol:   method qtsCorretas()
[ERROR]   location: variable request of type com.medstudy.backend.modules.sessao.dto.StudySessionRequest
[ERROR] /C:/Users/PC/Documents/GitHub/MedStudy/backend/src/main/java/com/medstudy/backend/modules/sessao/service/StudySessionService.java:[212,38] cannot find symbol
[ERROR]   symbol:   method instituicao()
[ERROR]   location: variable request of type com.medstudy.backend.modules.sessao.dto.StudySessionRequest
[ERROR] /C:/Users/PC/Documents/GitHub/MedStudy/backend/src/main/java/com/medstudy/backend/modules/sessao/service/StudySessionService.java:[213,38] cannot find symbol
[ERROR]   symbol:   method observacoes()
[ERROR]   location: variable request of type com.medstudy.backend.modules.sessao.dto.StudySessionRequest
[ERROR] /C:/Users/PC/Documents/GitHub/MedStudy/backend/src/main/java/com/medstudy/backend/modules/sessao/service/StudySessionService.java:[214,43] cannot find symbol
[ERROR]   symbol:   method revisaoConcluida()
[ERROR]   location: variable request of type com.medstudy.backend.modules.sessao.dto.StudySessionRequest
[ERROR] /C:/Users/PC/Documents/GitHub/MedStudy/backend/src/main/java/com/medstudy/backend/modules/sessao/service/StudySessionService.java:[217,36] cannot find symbol
[ERROR]   symbol:   method qtsFeitas()
[ERROR]   location: variable request of type com.medstudy.backend.modules.sessao.dto.StudySessionRequest
[ERROR] /C:/Users/PC/Documents/GitHub/MedStudy/backend/src/main/java/com/medstudy/backend/modules/sessao/service/StudySessionService.java:[217,71] cannot find symbol
[ERROR]   symbol:   method qtsCorretas()
[ERROR]   location: variable request of type com.medstudy.backend.modules.sessao.dto.StudySessionRequest
[ERROR] /C:/Users/PC/Documents/GitHub/MedStudy/backend/src/main/java/com/medstudy/backend/modules/sessao/service/StudySessionService.java:[217,95] cannot find symbol
[ERROR]   symbol:   method qtsFeitas()
[ERROR]   location: variable request of type com.medstudy.backend.modules.sessao.dto.StudySessionRequest
[ERROR] /C:/Users/PC/Documents/GitHub/MedStudy/backend/src/main/java/com/medstudy/backend/modules/sessao/service/StudySessionService.java:[219,20] cannot find symbol
[ERROR]   symbol:   method dataProximaRevisao()
[ERROR]   location: variable request of type com.medstudy.backend.modules.sessao.dto.StudySessionRequest
[ERROR] /C:/Users/PC/Documents/GitHub/MedStudy/backend/src/main/java/com/medstudy/backend/modules/sessao/service/StudySessionService.java:[220,49] cannot find symbol
[ERROR]   symbol:   method dataProximaRevisao()
[ERROR]   location: variable request of type com.medstudy.backend.modules.sessao.dto.StudySessionRequest
[ERROR] /C:/Users/PC/Documents/GitHub/MedStudy/backend/src/main/java/com/medstudy/backend/modules/sessao/service/StudySessionService.java:[222,83] cannot find symbol
[ERROR]   symbol:   method dataSessao()
[ERROR]   location: variable request of type com.medstudy.backend.modules.sessao.dto.StudySessionRequest
[ERROR] /C:/Users/PC/Documents/GitHub/MedStudy/backend/src/main/java/com/medstudy/backend/modules/sessao/service/StudySessionService.java:[222,183] cannot find symbol
[ERROR]   symbol:   method tema()
[ERROR]   location: variable request of type com.medstudy.backend.modules.sessao.dto.StudySessionRequest
[ERROR] /C:/Users/PC/Documents/GitHub/MedStudy/backend/src/main/java/com/medstudy/backend/modules/sessao/service/StudySessionService.java:[272,20] cannot find symbol
[ERROR]   symbol:   method qtsCorretas()
[ERROR]   location: variable request of type com.medstudy.backend.modules.sessao.dto.StudySessionRequest
[ERROR] /C:/Users/PC/Documents/GitHub/MedStudy/backend/src/main/java/com/medstudy/backend/modules/sessao/service/StudySessionService.java:[272,44] cannot find symbol
[ERROR]   symbol:   method qtsFeitas()
[ERROR]   location: variable request of type com.medstudy.backend.modules.sessao.dto.StudySessionRequest
[ERROR] /C:/Users/PC/Documents/GitHub/MedStudy/backend/src/main/java/com/medstudy/backend/modules/dashboard/service/DashboardService.java:[93,49] invalid method reference
[ERROR]   cannot find symbol
[ERROR]     symbol:   method accuracy()
[ERROR]     location: class com.medstudy.backend.modules.analytics.dto.AreaAnalyticsResponse
[ERROR] /C:/Users/PC/Documents/GitHub/MedStudy/backend/src/main/java/com/medstudy/backend/modules/dashboard/service/DashboardService.java:[94,22] invalid method reference
[ERROR]   cannot find symbol
[ERROR]     symbol:   method grandeArea()
[ERROR]     location: class com.medstudy.backend.modules.analytics.dto.AreaAnalyticsResponse
[ERROR] /C:/Users/PC/Documents/GitHub/MedStudy/backend/src/main/java/com/medstudy/backend/modules/dashboard/service/DashboardService.java:[97,49] invalid method reference
[ERROR]   cannot find symbol
[ERROR]     symbol:   method accuracy()
[ERROR]     location: class com.medstudy.backend.modules.analytics.dto.AreaAnalyticsResponse
[ERROR] /C:/Users/PC/Documents/GitHub/MedStudy/backend/src/main/java/com/medstudy/backend/modules/dashboard/service/DashboardService.java:[98,22] invalid method reference
[ERROR]   cannot find symbol
[ERROR]     symbol:   method grandeArea()
[ERROR]     location: class com.medstudy.backend.modules.analytics.dto.AreaAnalyticsResponse
[ERROR] /C:/Users/PC/Documents/GitHub/MedStudy/backend/src/main/java/com/medstudy/backend/modules/competition/service/CompetitionService.java:[82,20] cannot find symbol
[ERROR]   symbol:   method title()
[ERROR]   location: variable request of type com.medstudy.backend.modules.competition.dto.CompetitionRequestDTO
[ERROR] /C:/Users/PC/Documents/GitHub/MedStudy/backend/src/main/java/com/medstudy/backend/modules/competition/service/CompetitionService.java:[82,47] cannot find symbol
[ERROR]   symbol:   method title()
[ERROR]   location: variable request of type com.medstudy.backend.modules.competition.dto.CompetitionRequestDTO
[ERROR] /C:/Users/PC/Documents/GitHub/MedStudy/backend/src/main/java/com/medstudy/backend/modules/competition/service/CompetitionService.java:[85,20] cannot find symbol
[ERROR]   symbol:   method startDate()
[ERROR]   location: variable request of type com.medstudy.backend.modules.competition.dto.CompetitionRequestDTO
[ERROR] /C:/Users/PC/Documents/GitHub/MedStudy/backend/src/main/java/com/medstudy/backend/modules/competition/service/CompetitionService.java:[85,51] cannot find symbol
[ERROR]   symbol:   method endDate()
[ERROR]   location: variable request of type com.medstudy.backend.modules.competition.dto.CompetitionRequestDTO
[ERROR] /C:/Users/PC/Documents/GitHub/MedStudy/backend/src/main/java/com/medstudy/backend/modules/competition/service/CompetitionService.java:[88,20] cannot find symbol
[ERROR]   symbol:   method startDate()
[ERROR]   location: variable request of type com.medstudy.backend.modules.competition.dto.CompetitionRequestDTO
[ERROR] /C:/Users/PC/Documents/GitHub/MedStudy/backend/src/main/java/com/medstudy/backend/modules/competition/service/CompetitionService.java:[88,48] cannot find symbol
[ERROR]   symbol:   method endDate()
[ERROR]   location: variable request of type com.medstudy.backend.modules.competition.dto.CompetitionRequestDTO
[ERROR] /C:/Users/PC/Documents/GitHub/MedStudy/backend/src/main/java/com/medstudy/backend/modules/competition/service/CompetitionService.java:[93,37] cannot find symbol
[ERROR]   symbol:   method title()
[ERROR]   location: variable request of type com.medstudy.backend.modules.competition.dto.CompetitionRequestDTO
[ERROR] /C:/Users/PC/Documents/GitHub/MedStudy/backend/src/main/java/com/medstudy/backend/modules/competition/service/CompetitionService.java:[95,47] cannot find symbol
[ERROR]   symbol:   method competitionType()
[ERROR]   location: variable request of type com.medstudy.backend.modules.competition.dto.CompetitionRequestDTO
[ERROR] /C:/Users/PC/Documents/GitHub/MedStudy/backend/src/main/java/com/medstudy/backend/modules/competition/service/CompetitionService.java:[96,42] cannot find symbol
[ERROR]   symbol:   method metricType()
[ERROR]   location: variable request of type com.medstudy.backend.modules.competition.dto.CompetitionRequestDTO
[ERROR] /C:/Users/PC/Documents/GitHub/MedStudy/backend/src/main/java/com/medstudy/backend/modules/competition/service/CompetitionService.java:[97,43] cannot find symbol
[ERROR]   symbol:   method targetValue()
[ERROR]   location: variable request of type com.medstudy.backend.modules.competition.dto.CompetitionRequestDTO
[ERROR] /C:/Users/PC/Documents/GitHub/MedStudy/backend/src/main/java/com/medstudy/backend/modules/competition/service/CompetitionService.java:[98,41] cannot find symbol
[ERROR]   symbol:   method startDate()
[ERROR]   location: variable request of type com.medstudy.backend.modules.competition.dto.CompetitionRequestDTO
[ERROR] /C:/Users/PC/Documents/GitHub/MedStudy/backend/src/main/java/com/medstudy/backend/modules/competition/service/CompetitionService.java:[99,39] cannot find symbol
[ERROR]   symbol:   method endDate()
[ERROR]   location: variable request of type com.medstudy.backend.modules.competition.dto.CompetitionRequestDTO
[ERROR] /C:/Users/PC/Documents/GitHub/MedStudy/backend/src/main/java/com/medstudy/backend/modules/competition/service/CompetitionService.java:[102,20] cannot find symbol
[ERROR]   symbol:   method startDate()
[ERROR]   location: variable request of type com.medstudy.backend.modules.competition.dto.CompetitionRequestDTO
[ERROR] /C:/Users/PC/Documents/GitHub/MedStudy/backend/src/main/java/com/medstudy/backend/modules/competition/service/CompetitionService.java:[104,27] cannot find symbol
[ERROR]   symbol:   method endDate()
[ERROR]   location: variable request of type com.medstudy.backend.modules.competition.dto.CompetitionRequestDTO
[ERROR] /C:/Users/PC/Documents/GitHub/MedStudy/backend/src/main/java/com/medstudy/backend/modules/competition/service/CompetitionService.java:[123,20] cannot find symbol
[ERROR]   symbol:   method invitedFriendIds()
[ERROR]   location: variable request of type com.medstudy.backend.modules.competition.dto.CompetitionRequestDTO
[ERROR] /C:/Users/PC/Documents/GitHub/MedStudy/backend/src/main/java/com/medstudy/backend/modules/competition/service/CompetitionService.java:[124,41] cannot find symbol
[ERROR]   symbol:   method invitedFriendIds()
[ERROR]   location: variable request of type com.medstudy.backend.modules.competition.dto.CompetitionRequestDTO
[ERROR] /C:/Users/PC/Documents/GitHub/MedStudy/backend/src/main/java/com/medstudy/backend/modules/competition/service/CompetitionService.java:[223,43] invalid method reference
[ERROR]   cannot find symbol
[ERROR]     symbol:   method score()
[ERROR]     location: class com.medstudy.backend.modules.competition.dto.LeaderboardEntryDTO
[ERROR] /C:/Users/PC/Documents/GitHub/MedStudy/backend/src/main/java/com/medstudy/backend/modules/competition/service/CompetitionService.java:[230,26] cannot find symbol
[ERROR]   symbol:   method userId()
[ERROR]   location: variable entry of type com.medstudy.backend.modules.competition.dto.LeaderboardEntryDTO
[ERROR] /C:/Users/PC/Documents/GitHub/MedStudy/backend/src/main/java/com/medstudy/backend/modules/competition/service/CompetitionService.java:[231,26] cannot find symbol
[ERROR]   symbol:   method name()
[ERROR]   location: variable entry of type com.medstudy.backend.modules.competition.dto.LeaderboardEntryDTO
[ERROR] /C:/Users/PC/Documents/GitHub/MedStudy/backend/src/main/java/com/medstudy/backend/modules/competition/service/CompetitionService.java:[232,26] cannot find symbol
[ERROR]   symbol:   method handle()
[ERROR]   location: variable entry of type com.medstudy.backend.modules.competition.dto.LeaderboardEntryDTO
[ERROR] /C:/Users/PC/Documents/GitHub/MedStudy/backend/src/main/java/com/medstudy/backend/modules/competition/service/CompetitionService.java:[233,26] cannot find symbol
[ERROR]   symbol:   method avatarPresetId()
[ERROR]   location: variable entry of type com.medstudy.backend.modules.competition.dto.LeaderboardEntryDTO
[ERROR] /C:/Users/PC/Documents/GitHub/MedStudy/backend/src/main/java/com/medstudy/backend/modules/competition/service/CompetitionService.java:[234,26] cannot find symbol
[ERROR]   symbol:   method score()
[ERROR]   location: variable entry of type com.medstudy.backend.modules.competition.dto.LeaderboardEntryDTO
[ERROR] /C:/Users/PC/Documents/GitHub/MedStudy/backend/src/main/java/com/medstudy/backend/modules/competition/service/CompetitionService.java:[253,43] cannot find symbol
[ERROR]   symbol:   method score()
[ERROR]   location: variable topEntry of type com.medstudy.backend.modules.competition.dto.LeaderboardEntryDTO
[ERROR] /C:/Users/PC/Documents/GitHub/MedStudy/backend/src/main/java/com/medstudy/backend/modules/competition/service/CompetitionService.java:[258,63] cannot find symbol
[ERROR]   symbol:   method userId()
[ERROR]   location: variable topEntry of type com.medstudy.backend.modules.competition.dto.LeaderboardEntryDTO
[ERROR] /C:/Users/PC/Documents/GitHub/MedStudy/backend/src/main/java/com/medstudy/backend/modules/competition/service/CompetitionService.java:[265,64] cannot find symbol
[ERROR]   symbol:   method userId()
[ERROR]   location: variable topEntry of type com.medstudy.backend.modules.competition.dto.LeaderboardEntryDTO
[ERROR] /C:/Users/PC/Documents/GitHub/MedStudy/backend/src/main/java/com/medstudy/backend/modules/aula/service/LessonService.java:[78,37] cannot find symbol
[ERROR]   symbol:   method grandeArea()
[ERROR]   location: variable request of type com.medstudy.backend.modules.aula.dto.LessonRequest
[ERROR] /C:/Users/PC/Documents/GitHub/MedStudy/backend/src/main/java/com/medstudy/backend/modules/aula/service/LessonService.java:[79,34] cannot find symbol
[ERROR]   symbol:   method subArea()
[ERROR]   location: variable request of type com.medstudy.backend.modules.aula.dto.LessonRequest
[ERROR] /C:/Users/PC/Documents/GitHub/MedStudy/backend/src/main/java/com/medstudy/backend/modules/aula/service/LessonService.java:[80,31] cannot find symbol
[ERROR]   symbol:   method tema()
[ERROR]   location: variable request of type com.medstudy.backend.modules.aula.dto.LessonRequest
[ERROR] /C:/Users/PC/Documents/GitHub/MedStudy/backend/src/main/java/com/medstudy/backend/modules/aula/service/LessonService.java:[81,37] cannot find symbol
[ERROR]   symbol:   method prioridade()
[ERROR]   location: variable request of type com.medstudy.backend.modules.aula.dto.LessonRequest
[ERROR] /C:/Users/PC/Documents/GitHub/MedStudy/backend/src/main/java/com/medstudy/backend/modules/aula/service/LessonService.java:[83,20] cannot find symbol
[ERROR]   symbol:   method aulaAssistida()
[ERROR]   location: variable request of type com.medstudy.backend.modules.aula.dto.LessonRequest
[ERROR] /C:/Users/PC/Documents/GitHub/MedStudy/backend/src/main/java/com/medstudy/backend/modules/aula/service/LessonService.java:[83,77] cannot find symbol
[ERROR]   symbol:   method aulaAssistida()
[ERROR]   location: variable request of type com.medstudy.backend.modules.aula.dto.LessonRequest
[ERROR] /C:/Users/PC/Documents/GitHub/MedStudy/backend/src/main/java/com/medstudy/backend/modules/aula/service/LessonService.java:[84,20] cannot find symbol
[ERROR]   symbol:   method dataAula()
[ERROR]   location: variable request of type com.medstudy.backend.modules.aula.dto.LessonRequest
[ERROR] /C:/Users/PC/Documents/GitHub/MedStudy/backend/src/main/java/com/medstudy/backend/modules/aula/service/LessonService.java:[84,67] cannot find symbol
[ERROR]   symbol:   method dataAula()
[ERROR]   location: variable request of type com.medstudy.backend.modules.aula.dto.LessonRequest
[ERROR] /C:/Users/PC/Documents/GitHub/MedStudy/backend/src/main/java/com/medstudy/backend/modules/aula/service/LessonService.java:[85,20] cannot find symbol
[ERROR]   symbol:   method percentAcerto()
[ERROR]   location: variable request of type com.medstudy.backend.modules.aula.dto.LessonRequest
[ERROR] /C:/Users/PC/Documents/GitHub/MedStudy/backend/src/main/java/com/medstudy/backend/modules/aula/service/LessonService.java:[85,77] cannot find symbol
[ERROR]   symbol:   method percentAcerto()
[ERROR]   location: variable request of type com.medstudy.backend.modules.aula.dto.LessonRequest
[ERROR] /C:/Users/PC/Documents/GitHub/MedStudy/backend/src/main/java/com/medstudy/backend/modules/aula/service/LessonService.java:[86,20] cannot find symbol
[ERROR]   symbol:   method reforco()
[ERROR]   location: variable request of type com.medstudy.backend.modules.aula.dto.LessonRequest
[ERROR] /C:/Users/PC/Documents/GitHub/MedStudy/backend/src/main/java/com/medstudy/backend/modules/aula/service/LessonService.java:[86,65] cannot find symbol
[ERROR]   symbol:   method reforco()
[ERROR]   location: variable request of type com.medstudy.backend.modules.aula.dto.LessonRequest
[ERROR] /C:/Users/PC/Documents/GitHub/MedStudy/backend/src/main/java/com/medstudy/backend/modules/aula/service/LessonService.java:[87,20] cannot find symbol
[ERROR]   symbol:   method revisao()
[ERROR]   location: variable request of type com.medstudy.backend.modules.aula.dto.LessonRequest
[ERROR] /C:/Users/PC/Documents/GitHub/MedStudy/backend/src/main/java/com/medstudy/backend/modules/aula/service/LessonService.java:[87,65] cannot find symbol
[ERROR]   symbol:   method revisao()
[ERROR]   location: variable request of type com.medstudy.backend.modules.aula.dto.LessonRequest
[ERROR] /C:/Users/PC/Documents/GitHub/MedStudy/backend/src/main/java/com/medstudy/backend/modules/auth/controller/AuthController.java:[70,35] cannot find symbol
[ERROR]   symbol:   method refreshToken()
[ERROR]   location: variable request of type @jakarta.validation.Valid com.medstudy.backend.modules.auth.dto.TokenRefreshRequest
[ERROR] /C:/Users/PC/Documents/GitHub/MedStudy/backend/src/main/java/com/medstudy/backend/modules/auth/controller/AuthController.java:[78,29] cannot find symbol
[ERROR]   symbol:   method accessToken()
[ERROR]   location: variable authResponse of type com.medstudy.backend.modules.auth.dto.AuthResponse
[ERROR] /C:/Users/PC/Documents/GitHub/MedStudy/backend/src/main/java/com/medstudy/backend/modules/auth/controller/AuthController.java:[82,29] cannot find symbol
[ERROR]   symbol:   method refreshToken()
[ERROR]   location: variable authResponse of type com.medstudy.backend.modules.auth.dto.AuthResponse
[ERROR] /C:/Users/PC/Documents/GitHub/MedStudy/backend/src/main/java/com/medstudy/backend/modules/auth/controller/AuthController.java:[91,43] cannot find symbol
[ERROR]   symbol:   method email()
[ERROR]   location: variable request of type @jakarta.validation.Valid com.medstudy.backend.modules.auth.dto.ForgotPasswordRequest
[ERROR] /C:/Users/PC/Documents/GitHub/MedStudy/backend/src/main/java/com/medstudy/backend/modules/auth/controller/AuthController.java:[97,42] cannot find symbol
[ERROR]   symbol:   method token()
[ERROR]   location: variable request of type @jakarta.validation.Valid com.medstudy.backend.modules.auth.dto.ResetPasswordRequest
[ERROR] /C:/Users/PC/Documents/GitHub/MedStudy/backend/src/main/java/com/medstudy/backend/modules/auth/controller/AuthController.java:[97,59] cannot find symbol
[ERROR]   symbol:   method newPassword()
[ERROR]   location: variable request of type @jakarta.validation.Valid com.medstudy.backend.modules.auth.dto.ResetPasswordRequest
[ERROR] /C:/Users/PC/Documents/GitHub/MedStudy/backend/src/main/java/com/medstudy/backend/modules/auth/service/AuthService.java:[56,68] cannot find symbol
[ERROR]   symbol:   method email()
[ERROR]   location: variable request of type com.medstudy.backend.modules.auth.dto.LoginRequest
[ERROR] /C:/Users/PC/Documents/GitHub/MedStudy/backend/src/main/java/com/medstudy/backend/modules/auth/service/AuthService.java:[56,85] cannot find symbol
[ERROR]   symbol:   method password()
[ERROR]   location: variable request of type com.medstudy.backend.modules.auth.dto.LoginRequest
[ERROR] /C:/Users/PC/Documents/GitHub/MedStudy/backend/src/main/java/com/medstudy/backend/modules/auth/service/AuthService.java:[65,55] cannot find symbol
[ERROR]   symbol:   method email()
[ERROR]   location: variable request of type com.medstudy.backend.modules.auth.dto.LoginRequest
[ERROR] /C:/Users/PC/Documents/GitHub/MedStudy/backend/src/main/java/com/medstudy/backend/modules/auth/service/AuthService.java:[69,52] cannot find symbol
[ERROR]   symbol:   method email()
[ERROR]   location: variable request of type com.medstudy.backend.modules.auth.dto.LoginRequest
[ERROR] /C:/Users/PC/Documents/GitHub/MedStudy/backend/src/main/java/com/medstudy/backend/modules/auth/service/AuthService.java:[76,49] cannot find symbol
[ERROR]   symbol:   method email()
[ERROR]   location: variable request of type com.medstudy.backend.modules.auth.dto.RegisterRequest
[ERROR] /C:/Users/PC/Documents/GitHub/MedStudy/backend/src/main/java/com/medstudy/backend/modules/auth/service/AuthService.java:[81,29] cannot find symbol
[ERROR]   symbol:   method name()
[ERROR]   location: variable request of type com.medstudy.backend.modules.auth.dto.RegisterRequest
[ERROR] /C:/Users/PC/Documents/GitHub/MedStudy/backend/src/main/java/com/medstudy/backend/modules/auth/service/AuthService.java:[82,30] cannot find symbol
[ERROR]   symbol:   method email()
[ERROR]   location: variable request of type com.medstudy.backend.modules.auth.dto.RegisterRequest
[ERROR] /C:/Users/PC/Documents/GitHub/MedStudy/backend/src/main/java/com/medstudy/backend/modules/auth/service/AuthService.java:[83,56] cannot find symbol
[ERROR]   symbol:   method password()
[ERROR]   location: variable request of type com.medstudy.backend.modules.auth.dto.RegisterRequest
[ERROR] /C:/Users/PC/Documents/GitHub/MedStudy/backend/src/main/java/com/medstudy/backend/modules/auth/service/AuthService.java:[96,55] cannot find symbol
[ERROR]   symbol:   method refreshToken()
[ERROR]   location: variable request of type com.medstudy.backend.modules.auth.dto.TokenRefreshRequest
[ERROR] /C:/Users/PC/Documents/GitHub/MedStudy/backend/src/main/java/com/medstudy/backend/modules/auth/service/AuthService.java:[102,62] cannot find symbol
[ERROR]   symbol:   method refreshToken()
[ERROR]   location: variable request of type com.medstudy.backend.modules.auth.dto.TokenRefreshRequest
[ERROR] /C:/Users/PC/Documents/GitHub/MedStudy/backend/src/main/java/com/medstudy/backend/modules/flashcard/service/FlashcardService.java:[67,62] cannot find symbol
[ERROR]   symbol:   method flashcardId()
[ERROR]   location: variable request of type com.medstudy.backend.modules.flashcard.dto.FlashcardStudyRequest
[ERROR] /C:/Users/PC/Documents/GitHub/MedStudy/backend/src/main/java/com/medstudy/backend/modules/flashcard/service/FlashcardService.java:[68,59] cannot find symbol
[ERROR]   symbol:   method dificuldade()
[ERROR]   location: variable request of type com.medstudy.backend.modules.flashcard.dto.FlashcardStudyRequest
[ERROR] -> [Help 1]
[ERROR] 
[ERROR] To see the full stack trace of the errors, re-run Maven with the -e switch.
[ERROR] Re-run Maven using the -X switch to enable full debug logging.
[ERROR] 
[ERROR] For more information about the errors and possible solutions, please read the following articles:
[ERROR] [Help 1] http://cwiki.apache.org/confluence/display/MAVEN/MojoFailureException
